******************************************************************************
            TI ARM Clang Linker Unix v4.0.4                    
******************************************************************************
>> Linked Wed Dec 31 10:29:46 2025

OUTPUT FILE NAME:   <ti_test.out>
ENTRY POINT SYMBOL: "_c_int00_noargs"  address: 00002701


MEMORY CONFIGURATION

         name            origin    length      used     unused   attr    fill
----------------------  --------  ---------  --------  --------  ----  --------
  FLASH                 00000000   00020000  00002940  0001d6c0  R  X
  SRAM                  20200000   00008000  00000408  00007bf8  RW X
  BCR_CONFIG            41c00000   000000ff  00000000  000000ff  R   
  BSL_CONFIG            41c00100   00000080  00000000  00000080  R   


SEGMENT ALLOCATION MAP

run origin  load origin   length   init length attrs members
----------  ----------- ---------- ----------- ----- -------
00000000    00000000    00002940   00002940    r-x
  00000000    00000000    000000c0   000000c0    r-- .intvecs
  000000c0    000000c0    000027e0   000027e0    r-x .text
  000028a0    000028a0    00000070   00000070    r-- .rodata
  00002910    00002910    00000030   00000030    r-- .cinit
20200000    20200000    0000020a   00000000    rw-
  20200000    20200000    000001b6   00000000    rw- .bss
  202001b8    202001b8    00000052   00000000    rw- .data
20207e00    20207e00    00000200   00000000    rw-
  20207e00    20207e00    00000200   00000000    rw- .stack


SECTION ALLOCATION MAP

 output                                  attributes/
section   page    origin      length       input sections
--------  ----  ----------  ----------   ----------------
.intvecs   0    00000000    000000c0     
                  00000000    000000c0     startup_mspm0g350x_ticlang.o (.intvecs)

.text      0    000000c0    000027e0     
                  000000c0    00000458     LCD_MODULE.o (.text.LCD_open_anime)
                  00000518    000002dc     LCD_MODULE.o (.text.ProcessDistToDisplay)
                  000007f4    000002c4     LCD_MODULE.o (.text.LcdManager)
                  00000ab8    00000234     LCD_MODULE.o (.text.DisplayDigital)
                  00000cec    0000018c     BUTTON_MODULE.o (.text.ProcessButtonAction)
                  00000e78    0000014c     LCD_MODULE.o (.text.DisplayRTC)
                  00000fc4    00000144     BAT_MODULE.o (.text.BatManager)
                  00001108    00000140     SPEED_MODULE.o (.text.CalculatePulseChangeToSpeed)
                  00001248    0000013c     LCD_MODULE.o (.text.DisplayRPM)
                  00001384    0000012c     BUTTON_MODULE.o (.text.ProcessButtonTime)
                  000014b0    0000010c     libclang_rt.builtins.a : divdf3.S.obj (.text.__divdf3)
                  000015bc    00000104     BUTTON_MODULE.o (.text.CheckButtonStatus)
                  000016c0    00000104     TIMER_MODULE.o (.text.TimerManager)
                  000017c4    000000fc     driverlib.a : dl_timer.o (.text.DL_Timer_initTimerMode)
                  000018c0    000000f4     LCD_MODULE.o (.text.ProcessTimeToDisplay)
                  000019b4    000000ec     LCD_DRIVER.o (.text.send)
                  00001aa0    000000e0     BAT_MODULE.o (.text.InitialBat)
                  00001b80    000000d8     SYSTEM_MODULE.o (.text.PowerManager)
                  00001c58    000000d4     ti_msp_dl_config.o (.text.SYSCFG_DL_GPIO_init)
                  00001d2c    000000d0     SPEED_MODULE.o (.text.SpeedManager)
                  00001dfc    000000a4     driverlib.a : dl_rtc_common.o (.text.DL_RTC_Common_initCalendar)
                  00001ea0    0000009a     libc.a : memcpy16.S.obj (.text:memcpy)
                  00001f3a    00000002     startup_mspm0g350x_ticlang.o (.text.Default_Handler)
                  00001f3c    00000094     LCD_DRIVER.o (.text.I2C1_IRQHandler)
                  00001fd0    00000090     ti_msp_dl_config.o (.text.SYSCFG_DL_SYSCTL_init)
                  00002060    0000008c     ti_msp_dl_config.o (.text.SYSCFG_DL_ADC12_0_init)
                  000020ec    0000008c     Main.o (.text.main)
                  00002178    0000007c     libc.a : copy_decompress_lzss.c.obj (.text:decompress:lzss)
                  000021f4    00000078     ti_msp_dl_config.o (.text.SYSCFG_DL_I2C_init)
                  0000226c    00000064     driverlib.a : dl_sysctl_mspm0g1x0x_g3x0x.o (.text.DL_SYSCTL_setHFCLKSourceHFXTParams)
                  000022d0    00000062     libc.a : memset16.S.obj (.text:memset)
                  00002332    00000002     libclang_rt.builtins.a : aeabi_div0.c.obj (.text.__aeabi_idiv0)
                  00002334    00000060     driverlib.a : dl_sysctl_mspm0g1x0x_g3x0x.o (.text.DL_SYSCTL_setLFCLKSourceLFXT)
                  00002394    00000060     ti_msp_dl_config.o (.text.SYSCFG_DL_initPower)
                  000023f4    0000005e     driverlib.a : dl_i2c.o (.text.DL_I2C_fillControllerTXFIFO)
                  00002452    00000002     --HOLE-- [fill = 0]
                  00002454    00000058     SPEED_MODULE.o (.text.GROUP1_IRQHandler)
                  000024ac    00000054     Uci8533.o (.text.LCD_IC_DisplayWrite)
                  00002500    0000004c     ti_msp_dl_config.o (.text.SYSCFG_DL_TIMER_65536_init)
                  0000254c    0000004a     libclang_rt.builtins.a : fixdfsi.S.obj (.text.__fixdfsi)
                  00002596    00000002     --HOLE-- [fill = 0]
                  00002598    00000044     driverlib.a : dl_sysctl_mspm0g1x0x_g3x0x.o (.text.DL_SYSCTL_switchMCLKfromSYSOSCtoHSCLK)
                  000025dc    00000040                 : dl_adc12.o (.text.DL_ADC12_setClockConfig)
                  0000261c    00000040     libclang_rt.builtins.a : aeabi_uidivmod.S.obj (.text.__aeabi_uidivmod)
                  0000265c    0000003c     libc.a : autoinit.c.obj (.text:__TI_auto_init_nobinit_nopinit)
                  00002698    00000038     ti_msp_dl_config.o (.text.SYSCFG_DL_TIMER_0_init)
                  000026d0    00000030     ti_msp_dl_config.o (.text.SYSCFG_DL_init)
                  00002700    00000028     libc.a : boot_cortex_m.c.obj (.text:_c_int00_noargs)
                  00002728    00000026     driverlib.a : dl_i2c.o (.text.DL_I2C_setClockConfig)
                  0000274e    00000002     --HOLE-- [fill = 0]
                  00002750    00000024     libclang_rt.builtins.a : floatunsidf.S.obj (.text.__floatunsidf)
                  00002774    0000001c     BAT_MODULE.o (.text.ADC0_IRQHandler)
                  00002790    0000001c     driverlib.a : dl_timer.o (.text.DL_Timer_setClockConfig)
                  000027ac    0000001c     ti_msp_dl_config.o (.text.SYSCFG_DL_RTC_init)
                  000027c8    0000001c     TIMER_MODULE.o (.text.TIMG0_IRQHandler)
                  000027e4    0000001c     TIMER_MODULE.o (.text.TIMG6_IRQHandler)
                  00002800    00000018     Uci8533.o (.text.LCD_IC_DisplayOn)
                  00002818    00000016     libc.a : copy_zero_init.c.obj (.text:decompress:ZI:__TI_zero_init_nomemset)
                  0000282e    00000012            : copy_decompress_none.c.obj (.text:decompress:none)
                  00002840    00000010     BUTTON_MODULE.o (.text.ButtonManager)
                  00002850    00000010     LED_MODULE.o (.text.InitialLed)
                  00002860    0000000c     libclang_rt.builtins.a : aeabi_memset.S.obj (.text.__aeabi_memclr)
                  0000286c    0000000a     driverlib.a : dl_common.o (.text.DL_Common_delayCycles)
                  00002876    00000008     LCD_MODULE.o (.text.Initial_LCD)
                  0000287e    00000002     --HOLE-- [fill = 0]
                  00002880    00000008     libclang_rt.builtins.a : aeabi_memcpy.S.obj (.text.__aeabi_memcpy)
                  00002888    00000006     libc.a : exit.c.obj (.text:abort)
                  0000288e    00000004     libsysbm.a : hostexit.c.obj (.text.HOSTexit)
                  00002892    00000004     startup_mspm0g350x_ticlang.o (.text.Reset_Handler)
                  00002896    00000004     libc.a : pre_init.c.obj (.text._system_pre_init)
                  0000289a    00000006     --HOLE-- [fill = 0]

.cinit     0    00002910    00000030     
                  00002910    0000000c     (.cinit..data.load) [load image, compression = lzss]
                  0000291c    0000000c     (__TI_handler_table)
                  00002928    00000008     (.cinit..bss.load) [load image, compression = zero_init]
                  00002930    00000010     (__TI_cinit_table)

.rodata    0    000028a0    00000070     
                  000028a0    0000001b     TYPEDEF.o (.rodata.NumberAndWordTable)
                  000028bb    00000001     --HOLE-- [fill = 0]
                  000028bc    00000014     ti_msp_dl_config.o (.rodata.gTIMER_0TimerConfig)
                  000028d0    00000014     ti_msp_dl_config.o (.rodata.gTIMER_65536TimerConfig)
                  000028e4    00000013     TYPEDEF.o (.rodata.NumberToWordTable)
                  000028f7    00000001     --HOLE-- [fill = 0]
                  000028f8    00000008     ti_msp_dl_config.o (.rodata.gADC12_0ClockConfig)
                  00002900    00000003     ti_msp_dl_config.o (.rodata.gLFCLKConfig)
                  00002903    00000003     ti_msp_dl_config.o (.rodata.gTIMER_0ClockConfig)
                  00002906    00000003     ti_msp_dl_config.o (.rodata.gTIMER_65536ClockConfig)
                  00002909    00000002     ti_msp_dl_config.o (.rodata.gI2CClockConfig)
                  0000290b    00000005     --HOLE-- [fill = 0]

.init_array 
*          0    00000000    00000000     UNINITIALIZED

.binit     0    00000000    00000000     

.bss       0    20200000    000001b6     UNINITIALIZED
                  20200000    000000a0     (.common:gTIMER_65536Backup)
                  202000a0    00000040     (.common:gTxPacket)
                  202000e0    00000035     Uci8533.o (.bss.LCD_IC_DisplayWrite.tx_buffer)
                  20200115    00000028     (.common:Lcd_Data)
                  2020013d    0000001c     (.common:speed_rpm)
                  20200159    00000001     LCD_DRIVER.o (.bss.gI2cControllerStatus)
                  2020015a    00000010     (.common:SpeedBuf)
                  2020016a    0000000a     (.common:AveSpeedBuf)
                  20200174    00000004     (.common:ODOKM)
                  20200178    00000004     (.common:ODOMPH)
                  2020017c    00000004     (.common:REALSPEEDPULSE)
                  20200180    00000004     (.common:SERVICEKM)
                  20200184    00000004     (.common:SERVICEMPH)
                  20200188    00000004     (.common:TRIPKM)
                  2020018c    00000004     (.common:TRIPMPH)
                  20200190    00000004     (.common:gTxCount)
                  20200194    00000004     (.common:gTxLen)
                  20200198    00000002     LCD_MODULE.o (.bss.DISPLAY0.0)
                  2020019a    00000002     LCD_MODULE.o (.bss.DISPLAY1.0)
                  2020019c    00000002     LCD_MODULE.o (.bss.DISPLAY2.0)
                  2020019e    00000002     LCD_MODULE.o (.bss.DISPLAY3.0)
                  202001a0    00000002     LCD_MODULE.o (.bss.DISPLAY4.0)
                  202001a2    00000002     LCD_MODULE.o (.bss.DISPLAY5.0)
                  202001a4    00000002     LCD_MODULE.o (.bss.DISPLAY6.0)
                  202001a6    00000002     (.common:Button5sCnt)
                  202001a8    00000001     (.common:Button2sCnt)
                  202001a9    00000001     (.common:ButtonDebounce)
                  202001aa    00000001     (.common:ButtonMode)
                  202001ab    00000001     (.common:FUNC_PRESS_FLAG)
                  202001ac    00000001     (.common:FUNC_RELEASE_FLAG)
                  202001ad    00000001     (.common:HourBuf)
                  202001ae    00000001     (.common:MODE_FUNC_PRESS_FLAG)
                  202001af    00000001     (.common:MODE_PRESS_FLAG)
                  202001b0    00000001     (.common:MODE_RELEASE_FLAG)
                  202001b1    00000001     (.common:MarketMode)
                  202001b2    00000001     (.common:MinBuf)
                  202001b3    00000001     (.common:SOMEBUTTON_PRESSED_FLAG)
                  202001b4    00000001     (.common:TimeMode)
                  202001b5    00000001     (.common:timerFlag)

.data      0    202001b8    00000052     UNINITIALIZED
                  202001b8    00000004     BAT_MODULE.o (.data.BatAdBuf)
                  202001bc    00000004     SPEED_MODULE.o (.data.NEWSPEEDPULSE)
                  202001c0    00000004     BAT_MODULE.o (.data.RealBatBuf)
                  202001c4    00000004     SPEED_MODULE.o (.data.SpeedBuf1)
                  202001c8    00000004     SPEED_MODULE.o (.data.SpeedBuf2)
                  202001cc    00000004     TIMER_MODULE.o (.data.rtcSecCounter)
                  202001d0    00000002     SPEED_MODULE.o (.data.DispSpeedKmhBuf)
                  202001d2    00000002     SPEED_MODULE.o (.data.DispSpeedMphBuf)
                  202001d4    00000002     SPEED_MODULE.o (.data.NewSpeedKmhBuf)
                  202001d6    00000002     SPEED_MODULE.o (.data.NewSpeedMphBuf)
                  202001d8    00000002     SPEED_MODULE.o (.data.RealSpeedKmhBuf)
                  202001da    00000002     SPEED_MODULE.o (.data.RealSpeedMphBuf)
                  202001dc    00000002     TIMER_MODULE.o (.data.SpeedTimeOverBuf)
                  202001de    00000002     TIMER_MODULE.o (.data.TMR2H)
                  202001e0    00000002     TIMER_MODULE.o (.data.speedcount)
                  202001e2    00000001     TIMER_MODULE.o (.data.AVEDISP_FLAG)
                  202001e3    00000001     TIMER_MODULE.o (.data.BAT_CYCLE_FLAG)
                  202001e4    00000001     TIMER_MODULE.o (.data.BUTTON_CYCLE_FLAG)
                  202001e5    00000001     BAT_MODULE.o (.data.Bat3sCnt)
                  202001e6    00000001     BUTTON_MODULE.o (.data.ButtonBuf)
                  202001e7    00000001     BUTTON_MODULE.o (.data.Clock_Func_ShortPress.SetMinTen)
                  202001e8    00000001     BUTTON_MODULE.o (.data.Clock_Func_ShortPress.SetMinUnit)
                  202001e9    00000001     SYSTEM_MODULE.o (.data.FIRST_START_FLAG)
                  202001ea    00000001     TIMER_MODULE.o (.data.Flash500msFlag)
                  202001eb    00000001     LCD_MODULE.o (.data.GEAR)
                  202001ec    00000001     LCD_MODULE.o (.data.GEAR_num)
                  202001ed    00000001     SYSTEM_MODULE.o (.data.IGN_ON_FLAG)
                  202001ee    00000001     BAT_MODULE.o (.data.IN_TEST_MODE)
                  202001ef    00000001     LCD_MODULE.o (.data.LCD_open_count)
                  202001f0    00000001     LCD_MODULE.o (.data.LcdOpenMode)
                  202001f1    00000001     SPEED_MODULE.o (.data.NEW_FRIST_PULSE_FLAG)
                  202001f2    00000001     BUTTON_MODULE.o (.data.NewButtonBuf)
                  202001f3    00000001     SYSTEM_MODULE.o (.data.OPENING_FLAG)
                  202001f4    00000001     TIMER_MODULE.o (.data.POWER_CYCLE_FLAG)
                  202001f5    00000001     SYSTEM_MODULE.o (.data.PowerOffCnt)
                  202001f6    00000001     SYSTEM_MODULE.o (.data.PowerOnCnt)
                  202001f7    00000001     BUTTON_MODULE.o (.data.RealButtonBuf)
                  202001f8    00000001     TIMER_MODULE.o (.data.SET_CLOCK_MODE)
                  202001f9    00000001     BUTTON_MODULE.o (.data.SOFT_VERSION_MODE)
                  202001fa    00000001     TIMER_MODULE.o (.data.SPEED_CYCLE_FLAG)
                  202001fb    00000001     SPEED_MODULE.o (.data.SPEED_DOWN_FLAG)
                  202001fc    00000001     SPEED_MODULE.o (.data.SPEED_IN_FLAG)
                  202001fd    00000001     SPEED_MODULE.o (.data.SpeedAveCnt)
                  202001fe    00000001     SPEED_MODULE.o (.data.SpeedPulseCnt)
                  202001ff    00000001     LCD_MODULE.o (.data.SwithDisplayFlag)
                  20200200    00000001     TIMER_MODULE.o (.data.TIMER65536_flag)
                  20200201    00000001     TIMER_MODULE.o (.data.buttonCounter)
                  20200202    00000001     TIMER_MODULE.o (.data.count500ms)
                  20200203    00000001     LCD_MODULE.o (.data.fuel_cal)
                  20200204    00000001     BAT_MODULE.o (.data.gCheckADC)
                  20200205    00000001     TIMER_MODULE.o (.data.lcdFlag)
                  20200206    00000001     SYSTEM_MODULE.o (.data.pIGN)
                  20200207    00000001     TIMER_MODULE.o (.data.rtcHour)
                  20200208    00000001     TIMER_MODULE.o (.data.rtcMin)
                  20200209    00000001     TIMER_MODULE.o (.data.rtcSec)

.stack     0    20207e00    00000200     UNINITIALIZED
                  20207e00    00000004     libc.a : boot_cortex_m.c.obj (.stack)
                  20207e04    000001fc     --HOLE--

__llvm_prf_cnts 
*          0    20200000    00000000     UNINITIALIZED

__llvm_prf_bits 
*          0    20200000    00000000     UNINITIALIZED

MODULE SUMMARY

       Module                         code    ro data   rw data
       ------                         ----    -------   -------
    ./
       LCD_MODULE.o                   4016    0         112    
       ti_msp_dl_config.o             920     59        160    
       BUTTON_MODULE.o                972     0         19     
       SPEED_MODULE.o                 616     0         59     
       BAT_MODULE.o                   576     0         12     
       LCD_DRIVER.o                   384     0         73     
       TIMER_MODULE.o                 316     0         26     
       SYSTEM_MODULE.o                216     0         6      
       startup_mspm0g350x_ticlang.o   6       192       0      
       Uci8533.o                      108     0         53     
       Main.o                         140     0         0      
       TYPEDEF.o                      0       46        0      
       LED_MODULE.o                   16      0         0      
    +--+------------------------------+-------+---------+---------+
       Total:                         8286    297       520    
                                                               
    /home/alan8656/ti/ccs2040/ccs/tools/compiler/ti-cgt-armllvm_4.0.4.LTS/lib/armv6m-ti-none-eabi/c/libc.a
       memcpy16.S.obj                 154     0         0      
       copy_decompress_lzss.c.obj     124     0         0      
       memset16.S.obj                 98      0         0      
       autoinit.c.obj                 60      0         0      
       boot_cortex_m.c.obj            40      0         0      
       copy_zero_init.c.obj           22      0         0      
       copy_decompress_none.c.obj     18      0         0      
       exit.c.obj                     6       0         0      
       pre_init.c.obj                 4       0         0      
    +--+------------------------------+-------+---------+---------+
       Total:                         526     0         0      
                                                               
    /home/alan8656/ti/ccs2040/ccs/tools/compiler/ti-cgt-armllvm_4.0.4.LTS/lib/armv6m-ti-none-eabi/c/libsysbm.a
       hostexit.c.obj                 4       0         0      
    +--+------------------------------+-------+---------+---------+
       Total:                         4       0         0      
                                                               
    /home/alan8656/ti/ccs2040/ccs/tools/compiler/ti-cgt-armllvm_4.0.4.LTS/lib/armv6m-ti-none-eabi/libclang_rt.builtins.a
       divdf3.S.obj                   268     0         0      
       fixdfsi.S.obj                  74      0         0      
       aeabi_uidivmod.S.obj           64      0         0      
       floatunsidf.S.obj              36      0         0      
       aeabi_memset.S.obj             12      0         0      
       aeabi_memcpy.S.obj             8       0         0      
       aeabi_div0.c.obj               2       0         0      
    +--+------------------------------+-------+---------+---------+
       Total:                         464     0         0      
                                                               
    /home/alan8656/ti/mspm0_sdk_2_08_00_03/source/ti/driverlib/lib/ticlang/m0p/mspm0g1x0x_g3x0x/driverlib.a
       dl_timer.o                     280     0         0      
       dl_sysctl_mspm0g1x0x_g3x0x.o   264     0         0      
       dl_rtc_common.o                164     0         0      
       dl_i2c.o                       132     0         0      
       dl_adc12.o                     64      0         0      
       dl_common.o                    10      0         0      
    +--+------------------------------+-------+---------+---------+
       Total:                         914     0         0      
                                                               
       Stack:                         0       0         512    
       Linker Generated:              0       48        0      
    +--+------------------------------+-------+---------+---------+
       Grand Total:                   10194   345       1032   


LINKER GENERATED COPY TABLES

__TI_cinit_table @ 00002930 records: 2, size/record: 8, table size: 16
	.data: load addr=00002910, load size=0000000c bytes, run addr=202001b8, run size=00000052 bytes, compression=lzss
	.bss: load addr=00002928, load size=00000008 bytes, run addr=20200000, run size=000001b6 bytes, compression=zero_init


LINKER GENERATED HANDLER TABLE

__TI_handler_table @ 0000291c records: 3, size/record: 4, table size: 12
	index: 0, handler: __TI_decompress_lzss
	index: 1, handler: __TI_decompress_none
	index: 2, handler: __TI_zero_init


GLOBAL SYMBOLS: SORTED ALPHABETICALLY BY Name 

address   name                                 
-------   ----                                 
00002775  ADC0_IRQHandler                      
00001f3b  ADC1_IRQHandler                      
00001f3b  AES_IRQHandler                       
202001e2  AVEDISP_FLAG                         
2020016a  AveSpeedBuf                          
202001e3  BAT_CYCLE_FLAG                       
202001e4  BUTTON_CYCLE_FLAG                    
00000fc5  BatManager                           
202001a8  Button2sCnt                          
202001a6  Button5sCnt                          
202001e6  ButtonBuf                            
202001a9  ButtonDebounce                       
00002841  ButtonManager                        
202001aa  ButtonMode                           
0000288e  C$$EXIT                              
00001f3b  CANFD0_IRQHandler                    
00001109  CalculatePulseChangeToSpeed          
000015bd  CheckButtonStatus                    
00001f3b  DAC0_IRQHandler                      
000025dd  DL_ADC12_setClockConfig              
0000286d  DL_Common_delayCycles                
000023f5  DL_I2C_fillControllerTXFIFO          
00002729  DL_I2C_setClockConfig                
00001dfd  DL_RTC_Common_initCalendar           
0000226d  DL_SYSCTL_setHFCLKSourceHFXTParams   
00002335  DL_SYSCTL_setLFCLKSourceLFXT         
00002599  DL_SYSCTL_switchMCLKfromSYSOSCtoHSCLK
000017c5  DL_Timer_initTimerMode               
00002791  DL_Timer_setClockConfig              
00001f3b  DMA_IRQHandler                       
00001f3b  Default_Handler                      
202001d0  DispSpeedKmhBuf                      
202001d2  DispSpeedMphBuf                      
00000ab9  DisplayDigital                       
00001249  DisplayRPM                           
00000e79  DisplayRTC                           
202001e9  FIRST_START_FLAG                     
202001ab  FUNC_PRESS_FLAG                      
202001ac  FUNC_RELEASE_FLAG                    
202001ea  Flash500msFlag                       
202001eb  GEAR                                 
202001ec  GEAR_num                             
00001f3b  GROUP0_IRQHandler                    
00002455  GROUP1_IRQHandler                    
0000288f  HOSTexit                             
00001f3b  HardFault_Handler                    
202001ad  HourBuf                              
00001f3b  I2C0_IRQHandler                      
00001f3d  I2C1_IRQHandler                      
202001ed  IGN_ON_FLAG                          
202001ee  IN_TEST_MODE                         
00001aa1  InitialBat                           
00002851  InitialLed                           
00002877  Initial_LCD                          
00002801  LCD_IC_DisplayOn                     
000024ad  LCD_IC_DisplayWrite                  
000000c1  LCD_open_anime                       
000007f5  LcdManager                           
20200115  Lcd_Data                             
202001ae  MODE_FUNC_PRESS_FLAG                 
202001af  MODE_PRESS_FLAG                      
202001b0  MODE_RELEASE_FLAG                    
202001b1  MarketMode                           
202001b2  MinBuf                               
202001f1  NEW_FRIST_PULSE_FLAG                 
00001f3b  NMI_Handler                          
202001f2  NewButtonBuf                         
202001d4  NewSpeedKmhBuf                       
202001d6  NewSpeedMphBuf                       
000028a0  NumberAndWordTable                   
000028e4  NumberToWordTable                    
20200174  ODOKM                                
20200178  ODOMPH                               
202001f3  OPENING_FLAG                         
202001f4  POWER_CYCLE_FLAG                     
00001f3b  PendSV_Handler                       
00001b81  PowerManager                         
00000ced  ProcessButtonAction                  
00001385  ProcessButtonTime                    
00000519  ProcessDistToDisplay                 
000018c1  ProcessTimeToDisplay                 
2020017c  REALSPEEDPULSE                       
00001f3b  RTC_IRQHandler                       
202001c0  RealBatBuf                           
202001f7  RealButtonBuf                        
202001d8  RealSpeedKmhBuf                      
202001da  RealSpeedMphBuf                      
00002893  Reset_Handler                        
20200180  SERVICEKM                            
20200184  SERVICEMPH                           
202001f8  SET_CLOCK_MODE                       
202001f9  SOFT_VERSION_MODE                    
202001b3  SOMEBUTTON_PRESSED_FLAG              
202001fa  SPEED_CYCLE_FLAG                     
202001fb  SPEED_DOWN_FLAG                      
202001fc  SPEED_IN_FLAG                        
00001f3b  SPI0_IRQHandler                      
00001f3b  SPI1_IRQHandler                      
00001f3b  SVC_Handler                          
00002061  SYSCFG_DL_ADC12_0_init               
00001c59  SYSCFG_DL_GPIO_init                  
000021f5  SYSCFG_DL_I2C_init                   
000027ad  SYSCFG_DL_RTC_init                   
00001fd1  SYSCFG_DL_SYSCTL_init                
00002699  SYSCFG_DL_TIMER_0_init               
00002501  SYSCFG_DL_TIMER_65536_init           
000026d1  SYSCFG_DL_init                       
00002395  SYSCFG_DL_initPower                  
2020015a  SpeedBuf                             
00001d2d  SpeedManager                         
202001dc  SpeedTimeOverBuf                     
00001f3b  SysTick_Handler                      
00001f3b  TIMA0_IRQHandler                     
00001f3b  TIMA1_IRQHandler                     
20200200  TIMER65536_flag                      
000027c9  TIMG0_IRQHandler                     
00001f3b  TIMG12_IRQHandler                    
000027e5  TIMG6_IRQHandler                     
00001f3b  TIMG7_IRQHandler                     
00001f3b  TIMG8_IRQHandler                     
202001de  TMR2H                                
20200188  TRIPKM                               
2020018c  TRIPMPH                              
202001b4  TimeMode                             
000016c1  TimerManager                         
00001f3b  UART0_IRQHandler                     
00001f3b  UART1_IRQHandler                     
00001f3b  UART2_IRQHandler                     
00001f3b  UART3_IRQHandler                     
20208000  __STACK_END                          
00000200  __STACK_SIZE                         
00000000  __TI_ATRegion0_region_sz             
00000000  __TI_ATRegion0_src_addr              
00000000  __TI_ATRegion0_trg_addr              
00000000  __TI_ATRegion1_region_sz             
00000000  __TI_ATRegion1_src_addr              
00000000  __TI_ATRegion1_trg_addr              
00000000  __TI_ATRegion2_region_sz             
00000000  __TI_ATRegion2_src_addr              
00000000  __TI_ATRegion2_trg_addr              
00002930  __TI_CINIT_Base                      
00002940  __TI_CINIT_Limit                     
00002940  __TI_CINIT_Warm                      
0000291c  __TI_Handler_Table_Base              
00002928  __TI_Handler_Table_Limit             
0000265d  __TI_auto_init_nobinit_nopinit       
00002179  __TI_decompress_lzss                 
0000282f  __TI_decompress_none                 
ffffffff  __TI_pprof_out_hndl                  
ffffffff  __TI_prof_data_size                  
ffffffff  __TI_prof_data_start                 
00000000  __TI_static_base__                   
00002819  __TI_zero_init_nomemset              
0000254d  __aeabi_d2iz                         
000014b1  __aeabi_ddiv                         
00002333  __aeabi_idiv0                        
00002861  __aeabi_memclr                       
00002861  __aeabi_memclr4                      
00002861  __aeabi_memclr8                      
00002881  __aeabi_memcpy                       
00002881  __aeabi_memcpy4                      
00002881  __aeabi_memcpy8                      
00002751  __aeabi_ui2d                         
0000261d  __aeabi_uidiv                        
0000261d  __aeabi_uidivmod                     
ffffffff  __binit__                            
000014b1  __divdf3                             
0000254d  __fixdfsi                            
00002751  __floatunsidf                        
UNDEFED   __mpu_init                           
20207e00  __stack                              
20200000  __start___llvm_prf_bits              
20200000  __start___llvm_prf_cnts              
20200000  __stop___llvm_prf_bits               
20200000  __stop___llvm_prf_cnts               
00002701  _c_int00_noargs                      
UNDEFED   _system_post_cinit                   
00002897  _system_pre_init                     
00002889  abort                                
ffffffff  binit                                
20200201  buttonCounter                        
20200202  count500ms                           
20200203  fuel_cal                             
20200204  gCheckADC                            
20200000  gTIMER_65536Backup                   
20200190  gTxCount                             
20200194  gTxLen                               
202000a0  gTxPacket                            
00000000  interruptVectors                     
20200205  lcdFlag                              
000020ed  main                                 
00001ea1  memcpy                               
000022d1  memset                               
20200206  pIGN                                 
20200207  rtcHour                              
20200208  rtcMin                               
20200209  rtcSec                               
202001cc  rtcSecCounter                        
000019b5  send                                 
2020013d  speed_rpm                            
202001e0  speedcount                           
202001b5  timerFlag                            


GLOBAL SYMBOLS: SORTED BY Symbol Address 

address   name                                 
-------   ----                                 
00000000  __TI_ATRegion0_region_sz             
00000000  __TI_ATRegion0_src_addr              
00000000  __TI_ATRegion0_trg_addr              
00000000  __TI_ATRegion1_region_sz             
00000000  __TI_ATRegion1_src_addr              
00000000  __TI_ATRegion1_trg_addr              
00000000  __TI_ATRegion2_region_sz             
00000000  __TI_ATRegion2_src_addr              
00000000  __TI_ATRegion2_trg_addr              
00000000  __TI_static_base__                   
00000000  interruptVectors                     
000000c1  LCD_open_anime                       
00000200  __STACK_SIZE                         
00000519  ProcessDistToDisplay                 
000007f5  LcdManager                           
00000ab9  DisplayDigital                       
00000ced  ProcessButtonAction                  
00000e79  DisplayRTC                           
00000fc5  BatManager                           
00001109  CalculatePulseChangeToSpeed          
00001249  DisplayRPM                           
00001385  ProcessButtonTime                    
000014b1  __aeabi_ddiv                         
000014b1  __divdf3                             
000015bd  CheckButtonStatus                    
000016c1  TimerManager                         
000017c5  DL_Timer_initTimerMode               
000018c1  ProcessTimeToDisplay                 
000019b5  send                                 
00001aa1  InitialBat                           
00001b81  PowerManager                         
00001c59  SYSCFG_DL_GPIO_init                  
00001d2d  SpeedManager                         
00001dfd  DL_RTC_Common_initCalendar           
00001ea1  memcpy                               
00001f3b  ADC1_IRQHandler                      
00001f3b  AES_IRQHandler                       
00001f3b  CANFD0_IRQHandler                    
00001f3b  DAC0_IRQHandler                      
00001f3b  DMA_IRQHandler                       
00001f3b  Default_Handler                      
00001f3b  GROUP0_IRQHandler                    
00001f3b  HardFault_Handler                    
00001f3b  I2C0_IRQHandler                      
00001f3b  NMI_Handler                          
00001f3b  PendSV_Handler                       
00001f3b  RTC_IRQHandler                       
00001f3b  SPI0_IRQHandler                      
00001f3b  SPI1_IRQHandler                      
00001f3b  SVC_Handler                          
00001f3b  SysTick_Handler                      
00001f3b  TIMA0_IRQHandler                     
00001f3b  TIMA1_IRQHandler                     
00001f3b  TIMG12_IRQHandler                    
00001f3b  TIMG7_IRQHandler                     
00001f3b  TIMG8_IRQHandler                     
00001f3b  UART0_IRQHandler                     
00001f3b  UART1_IRQHandler                     
00001f3b  UART2_IRQHandler                     
00001f3b  UART3_IRQHandler                     
00001f3d  I2C1_IRQHandler                      
00001fd1  SYSCFG_DL_SYSCTL_init                
00002061  SYSCFG_DL_ADC12_0_init               
000020ed  main                                 
00002179  __TI_decompress_lzss                 
000021f5  SYSCFG_DL_I2C_init                   
0000226d  DL_SYSCTL_setHFCLKSourceHFXTParams   
000022d1  memset                               
00002333  __aeabi_idiv0                        
00002335  DL_SYSCTL_setLFCLKSourceLFXT         
00002395  SYSCFG_DL_initPower                  
000023f5  DL_I2C_fillControllerTXFIFO          
00002455  GROUP1_IRQHandler                    
000024ad  LCD_IC_DisplayWrite                  
00002501  SYSCFG_DL_TIMER_65536_init           
0000254d  __aeabi_d2iz                         
0000254d  __fixdfsi                            
00002599  DL_SYSCTL_switchMCLKfromSYSOSCtoHSCLK
000025dd  DL_ADC12_setClockConfig              
0000261d  __aeabi_uidiv                        
0000261d  __aeabi_uidivmod                     
0000265d  __TI_auto_init_nobinit_nopinit       
00002699  SYSCFG_DL_TIMER_0_init               
000026d1  SYSCFG_DL_init                       
00002701  _c_int00_noargs                      
00002729  DL_I2C_setClockConfig                
00002751  __aeabi_ui2d                         
00002751  __floatunsidf                        
00002775  ADC0_IRQHandler                      
00002791  DL_Timer_setClockConfig              
000027ad  SYSCFG_DL_RTC_init                   
000027c9  TIMG0_IRQHandler                     
000027e5  TIMG6_IRQHandler                     
00002801  LCD_IC_DisplayOn                     
00002819  __TI_zero_init_nomemset              
0000282f  __TI_decompress_none                 
00002841  ButtonManager                        
00002851  InitialLed                           
00002861  __aeabi_memclr                       
00002861  __aeabi_memclr4                      
00002861  __aeabi_memclr8                      
0000286d  DL_Common_delayCycles                
00002877  Initial_LCD                          
00002881  __aeabi_memcpy                       
00002881  __aeabi_memcpy4                      
00002881  __aeabi_memcpy8                      
00002889  abort                                
0000288e  C$$EXIT                              
0000288f  HOSTexit                             
00002893  Reset_Handler                        
00002897  _system_pre_init                     
000028a0  NumberAndWordTable                   
000028e4  NumberToWordTable                    
0000291c  __TI_Handler_Table_Base              
00002928  __TI_Handler_Table_Limit             
00002930  __TI_CINIT_Base                      
00002940  __TI_CINIT_Limit                     
00002940  __TI_CINIT_Warm                      
20200000  __start___llvm_prf_bits              
20200000  __start___llvm_prf_cnts              
20200000  __stop___llvm_prf_bits               
20200000  __stop___llvm_prf_cnts               
20200000  gTIMER_65536Backup                   
202000a0  gTxPacket                            
20200115  Lcd_Data                             
2020013d  speed_rpm                            
2020015a  SpeedBuf                             
2020016a  AveSpeedBuf                          
20200174  ODOKM                                
20200178  ODOMPH                               
2020017c  REALSPEEDPULSE                       
20200180  SERVICEKM                            
20200184  SERVICEMPH                           
20200188  TRIPKM                               
2020018c  TRIPMPH                              
20200190  gTxCount                             
20200194  gTxLen                               
202001a6  Button5sCnt                          
202001a8  Button2sCnt                          
202001a9  ButtonDebounce                       
202001aa  ButtonMode                           
202001ab  FUNC_PRESS_FLAG                      
202001ac  FUNC_RELEASE_FLAG                    
202001ad  HourBuf                              
202001ae  MODE_FUNC_PRESS_FLAG                 
202001af  MODE_PRESS_FLAG                      
202001b0  MODE_RELEASE_FLAG                    
202001b1  MarketMode                           
202001b2  MinBuf                               
202001b3  SOMEBUTTON_PRESSED_FLAG              
202001b4  TimeMode                             
202001b5  timerFlag                            
202001c0  RealBatBuf                           
202001cc  rtcSecCounter                        
202001d0  DispSpeedKmhBuf                      
202001d2  DispSpeedMphBuf                      
202001d4  NewSpeedKmhBuf                       
202001d6  NewSpeedMphBuf                       
202001d8  RealSpeedKmhBuf                      
202001da  RealSpeedMphBuf                      
202001dc  SpeedTimeOverBuf                     
202001de  TMR2H                                
202001e0  speedcount                           
202001e2  AVEDISP_FLAG                         
202001e3  BAT_CYCLE_FLAG                       
202001e4  BUTTON_CYCLE_FLAG                    
202001e6  ButtonBuf                            
202001e9  FIRST_START_FLAG                     
202001ea  Flash500msFlag                       
202001eb  GEAR                                 
202001ec  GEAR_num                             
202001ed  IGN_ON_FLAG                          
202001ee  IN_TEST_MODE                         
202001f1  NEW_FRIST_PULSE_FLAG                 
202001f2  NewButtonBuf                         
202001f3  OPENING_FLAG                         
202001f4  POWER_CYCLE_FLAG                     
202001f7  RealButtonBuf                        
202001f8  SET_CLOCK_MODE                       
202001f9  SOFT_VERSION_MODE                    
202001fa  SPEED_CYCLE_FLAG                     
202001fb  SPEED_DOWN_FLAG                      
202001fc  SPEED_IN_FLAG                        
20200200  TIMER65536_flag                      
20200201  buttonCounter                        
20200202  count500ms                           
20200203  fuel_cal                             
20200204  gCheckADC                            
20200205  lcdFlag                              
20200206  pIGN                                 
20200207  rtcHour                              
20200208  rtcMin                               
20200209  rtcSec                               
20207e00  __stack                              
20208000  __STACK_END                          
ffffffff  __TI_pprof_out_hndl                  
ffffffff  __TI_prof_data_size                  
ffffffff  __TI_prof_data_start                 
ffffffff  __binit__                            
ffffffff  binit                                
UNDEFED   __mpu_init                           
UNDEFED   _system_post_cinit                   

[202 symbols]
