<?xml version="1.0" encoding="ISO-8859-1" ?>
<link_info>
   <banner>TI ARM Clang Linker Unix v4.0.4.LTS</banner>
   <copyright>Copyright (c) 1996-2018 Texas Instruments Incorporated</copyright>
   <command_line>/home/alan8656/ti/ccs2040/ccs/tools/compiler/ti-cgt-armllvm_4.0.4.LTS/bin/tiarmlnk -I/home/alan8656/ti/ccs2040/ccs/tools/compiler/ti-cgt-armllvm_4.0.4.LTS/lib -o ti_test.out -mti_test.map -i/home/alan8656/ti/mspm0_sdk_2_08_00_03/source -i/home/alan8656/workspace_ccstheia/ti_test -i/home/alan8656/workspace_ccstheia/ti_test/Debug/syscfg -i/home/alan8656/ti/ccs2040/ccs/tools/compiler/ti-cgt-armllvm_4.0.4.LTS/lib --diag_wrap=off --display_error_number --warn_sections --xml_link_info=ti_test_linkInfo.xml --rom_model ./BAT_MODULE.o ./BUTTON_MODULE.o ./LCD_DRIVER.o ./LCD_MODULE.o ./LED_MODULE.o ./Main.o ./SPEED_MODULE.o ./SYSTEM_MODULE.o ./TIMER_MODULE.o ./ti_msp_dl_config.o ./startup_mspm0g350x_ticlang.o ./TYPEDEF.o ./Uci8533.o -l./device_linker.cmd -ldevice.cmd.genlibs -llibc.a --start-group -llibc++.a -llibc++abi.a -llibc.a -llibsys.a -llibsysbm.a -llibclang_rt.builtins.a -llibclang_rt.profile.a --end-group --cg_opt_level=2</command_line>
   <link_time>0x694e37dc</link_time>
   <link_errors>0x0</link_errors>
   <output_file>/home/alan8656/workspace_ccstheia/ti_test/Debug/ti_test.out</output_file>
   <entry_point>
      <name>_c_int00_noargs</name>
      <address>0x2701</address>
   </entry_point>
   <input_file_list>
      <input_file id="fl-1">
         <path>/home/alan8656/workspace_ccstheia/ti_test/Debug/./</path>
         <kind>object</kind>
         <file>BAT_MODULE.o</file>
         <name>BAT_MODULE.o</name>
      </input_file>
      <input_file id="fl-2">
         <path>/home/alan8656/workspace_ccstheia/ti_test/Debug/./</path>
         <kind>object</kind>
         <file>BUTTON_MODULE.o</file>
         <name>BUTTON_MODULE.o</name>
      </input_file>
      <input_file id="fl-3">
         <path>/home/alan8656/workspace_ccstheia/ti_test/Debug/./</path>
         <kind>object</kind>
         <file>LCD_DRIVER.o</file>
         <name>LCD_DRIVER.o</name>
      </input_file>
      <input_file id="fl-4">
         <path>/home/alan8656/workspace_ccstheia/ti_test/Debug/./</path>
         <kind>object</kind>
         <file>LCD_MODULE.o</file>
         <name>LCD_MODULE.o</name>
      </input_file>
      <input_file id="fl-5">
         <path>/home/alan8656/workspace_ccstheia/ti_test/Debug/./</path>
         <kind>object</kind>
         <file>LED_MODULE.o</file>
         <name>LED_MODULE.o</name>
      </input_file>
      <input_file id="fl-6">
         <path>/home/alan8656/workspace_ccstheia/ti_test/Debug/./</path>
         <kind>object</kind>
         <file>Main.o</file>
         <name>Main.o</name>
      </input_file>
      <input_file id="fl-7">
         <path>/home/alan8656/workspace_ccstheia/ti_test/Debug/./</path>
         <kind>object</kind>
         <file>SPEED_MODULE.o</file>
         <name>SPEED_MODULE.o</name>
      </input_file>
      <input_file id="fl-8">
         <path>/home/alan8656/workspace_ccstheia/ti_test/Debug/./</path>
         <kind>object</kind>
         <file>SYSTEM_MODULE.o</file>
         <name>SYSTEM_MODULE.o</name>
      </input_file>
      <input_file id="fl-9">
         <path>/home/alan8656/workspace_ccstheia/ti_test/Debug/./</path>
         <kind>object</kind>
         <file>TIMER_MODULE.o</file>
         <name>TIMER_MODULE.o</name>
      </input_file>
      <input_file id="fl-a">
         <path>/home/alan8656/workspace_ccstheia/ti_test/Debug/./</path>
         <kind>object</kind>
         <file>ti_msp_dl_config.o</file>
         <name>ti_msp_dl_config.o</name>
      </input_file>
      <input_file id="fl-b">
         <path>/home/alan8656/workspace_ccstheia/ti_test/Debug/./</path>
         <kind>object</kind>
         <file>startup_mspm0g350x_ticlang.o</file>
         <name>startup_mspm0g350x_ticlang.o</name>
      </input_file>
      <input_file id="fl-c">
         <path>/home/alan8656/workspace_ccstheia/ti_test/Debug/./</path>
         <kind>object</kind>
         <file>TYPEDEF.o</file>
         <name>TYPEDEF.o</name>
      </input_file>
      <input_file id="fl-d">
         <path>/home/alan8656/workspace_ccstheia/ti_test/Debug/./</path>
         <kind>object</kind>
         <file>Uci8533.o</file>
         <name>Uci8533.o</name>
      </input_file>
      <input_file id="fl-1a">
         <path>/home/alan8656/workspace_ccstheia/ti_test/Debug/</path>
         <kind>object</kind>
         <file>&lt;internal&gt;</file>
         <name>&lt;internal&gt;</name>
      </input_file>
      <input_file id="fl-1b">
         <path>/home/alan8656/ti/mspm0_sdk_2_08_00_03/source/ti/driverlib/lib/ticlang/m0p/mspm0g1x0x_g3x0x/</path>
         <kind>archive</kind>
         <file>driverlib.a</file>
         <name>dl_adc12.o</name>
      </input_file>
      <input_file id="fl-1c">
         <path>/home/alan8656/ti/mspm0_sdk_2_08_00_03/source/ti/driverlib/lib/ticlang/m0p/mspm0g1x0x_g3x0x/</path>
         <kind>archive</kind>
         <file>driverlib.a</file>
         <name>dl_common.o</name>
      </input_file>
      <input_file id="fl-1d">
         <path>/home/alan8656/ti/mspm0_sdk_2_08_00_03/source/ti/driverlib/lib/ticlang/m0p/mspm0g1x0x_g3x0x/</path>
         <kind>archive</kind>
         <file>driverlib.a</file>
         <name>dl_i2c.o</name>
      </input_file>
      <input_file id="fl-1e">
         <path>/home/alan8656/ti/mspm0_sdk_2_08_00_03/source/ti/driverlib/lib/ticlang/m0p/mspm0g1x0x_g3x0x/</path>
         <kind>archive</kind>
         <file>driverlib.a</file>
         <name>dl_rtc_common.o</name>
      </input_file>
      <input_file id="fl-1f">
         <path>/home/alan8656/ti/mspm0_sdk_2_08_00_03/source/ti/driverlib/lib/ticlang/m0p/mspm0g1x0x_g3x0x/</path>
         <kind>archive</kind>
         <file>driverlib.a</file>
         <name>dl_timer.o</name>
      </input_file>
      <input_file id="fl-20">
         <path>/home/alan8656/ti/mspm0_sdk_2_08_00_03/source/ti/driverlib/lib/ticlang/m0p/mspm0g1x0x_g3x0x/</path>
         <kind>archive</kind>
         <file>driverlib.a</file>
         <name>dl_sysctl_mspm0g1x0x_g3x0x.o</name>
      </input_file>
      <input_file id="fl-37">
         <path>/home/alan8656/ti/ccs2040/ccs/tools/compiler/ti-cgt-armllvm_4.0.4.LTS/lib/armv6m-ti-none-eabi/c/</path>
         <kind>archive</kind>
         <file>libc.a</file>
         <name>copy_zero_init.c.obj</name>
      </input_file>
      <input_file id="fl-38">
         <path>/home/alan8656/ti/ccs2040/ccs/tools/compiler/ti-cgt-armllvm_4.0.4.LTS/lib/armv6m-ti-none-eabi/c/</path>
         <kind>archive</kind>
         <file>libc.a</file>
         <name>copy_decompress_none.c.obj</name>
      </input_file>
      <input_file id="fl-39">
         <path>/home/alan8656/ti/ccs2040/ccs/tools/compiler/ti-cgt-armllvm_4.0.4.LTS/lib/armv6m-ti-none-eabi/c/</path>
         <kind>archive</kind>
         <file>libc.a</file>
         <name>copy_decompress_lzss.c.obj</name>
      </input_file>
      <input_file id="fl-3a">
         <path>/home/alan8656/ti/ccs2040/ccs/tools/compiler/ti-cgt-armllvm_4.0.4.LTS/lib/armv6m-ti-none-eabi/c/</path>
         <kind>archive</kind>
         <file>libc.a</file>
         <name>boot_cortex_m.c.obj</name>
      </input_file>
      <input_file id="fl-3b">
         <path>/home/alan8656/ti/ccs2040/ccs/tools/compiler/ti-cgt-armllvm_4.0.4.LTS/lib/armv6m-ti-none-eabi/c/</path>
         <kind>archive</kind>
         <file>libc.a</file>
         <name>mathacl_init.c.obj</name>
      </input_file>
      <input_file id="fl-3c">
         <path>/home/alan8656/ti/ccs2040/ccs/tools/compiler/ti-cgt-armllvm_4.0.4.LTS/lib/armv6m-ti-none-eabi/c/</path>
         <kind>archive</kind>
         <file>libc.a</file>
         <name>exit.c.obj</name>
      </input_file>
      <input_file id="fl-3d">
         <path>/home/alan8656/ti/ccs2040/ccs/tools/compiler/ti-cgt-armllvm_4.0.4.LTS/lib/armv6m-ti-none-eabi/c/</path>
         <kind>archive</kind>
         <file>libc.a</file>
         <name>_lock.c.obj</name>
      </input_file>
      <input_file id="fl-3e">
         <path>/home/alan8656/ti/ccs2040/ccs/tools/compiler/ti-cgt-armllvm_4.0.4.LTS/lib/armv6m-ti-none-eabi/c/</path>
         <kind>archive</kind>
         <file>libc.a</file>
         <name>args_main.c.obj</name>
      </input_file>
      <input_file id="fl-3f">
         <path>/home/alan8656/ti/ccs2040/ccs/tools/compiler/ti-cgt-armllvm_4.0.4.LTS/lib/armv6m-ti-none-eabi/c/</path>
         <kind>archive</kind>
         <file>libc.a</file>
         <name>autoinit.c.obj</name>
      </input_file>
      <input_file id="fl-40">
         <path>/home/alan8656/ti/ccs2040/ccs/tools/compiler/ti-cgt-armllvm_4.0.4.LTS/lib/armv6m-ti-none-eabi/c/</path>
         <kind>archive</kind>
         <file>libc.a</file>
         <name>pre_init.c.obj</name>
      </input_file>
      <input_file id="fl-41">
         <path>/home/alan8656/ti/ccs2040/ccs/tools/compiler/ti-cgt-armllvm_4.0.4.LTS/lib/armv6m-ti-none-eabi/c/</path>
         <kind>archive</kind>
         <file>libc.a</file>
         <name>cpy_tbl.c.obj</name>
      </input_file>
      <input_file id="fl-e1">
         <path>/home/alan8656/ti/ccs2040/ccs/tools/compiler/ti-cgt-armllvm_4.0.4.LTS/lib/armv6m-ti-none-eabi/c/</path>
         <kind>archive</kind>
         <file>libsysbm.a</file>
         <name>hostexit.c.obj</name>
      </input_file>
      <input_file id="fl-e2">
         <path>/home/alan8656/ti/ccs2040/ccs/tools/compiler/ti-cgt-armllvm_4.0.4.LTS/lib/armv6m-ti-none-eabi/</path>
         <kind>archive</kind>
         <file>libclang_rt.builtins.a</file>
         <name>divdf3.S.obj</name>
      </input_file>
      <input_file id="fl-e3">
         <path>/home/alan8656/ti/ccs2040/ccs/tools/compiler/ti-cgt-armllvm_4.0.4.LTS/lib/armv6m-ti-none-eabi/</path>
         <kind>archive</kind>
         <file>libclang_rt.builtins.a</file>
         <name>fixdfsi.S.obj</name>
      </input_file>
      <input_file id="fl-e4">
         <path>/home/alan8656/ti/ccs2040/ccs/tools/compiler/ti-cgt-armllvm_4.0.4.LTS/lib/armv6m-ti-none-eabi/</path>
         <kind>archive</kind>
         <file>libclang_rt.builtins.a</file>
         <name>floatunsidf.S.obj</name>
      </input_file>
      <input_file id="fl-e5">
         <path>/home/alan8656/ti/ccs2040/ccs/tools/compiler/ti-cgt-armllvm_4.0.4.LTS/lib/armv6m-ti-none-eabi/</path>
         <kind>archive</kind>
         <file>libclang_rt.builtins.a</file>
         <name>aeabi_memcpy.S.obj</name>
      </input_file>
      <input_file id="fl-e6">
         <path>/home/alan8656/ti/ccs2040/ccs/tools/compiler/ti-cgt-armllvm_4.0.4.LTS/lib/armv6m-ti-none-eabi/</path>
         <kind>archive</kind>
         <file>libclang_rt.builtins.a</file>
         <name>aeabi_memset.S.obj</name>
      </input_file>
      <input_file id="fl-e7">
         <path>/home/alan8656/ti/ccs2040/ccs/tools/compiler/ti-cgt-armllvm_4.0.4.LTS/lib/armv6m-ti-none-eabi/</path>
         <kind>archive</kind>
         <file>libclang_rt.builtins.a</file>
         <name>aeabi_uidivmod.S.obj</name>
      </input_file>
      <input_file id="fl-e8">
         <path>/home/alan8656/ti/ccs2040/ccs/tools/compiler/ti-cgt-armllvm_4.0.4.LTS/lib/armv6m-ti-none-eabi/</path>
         <kind>archive</kind>
         <file>libclang_rt.builtins.a</file>
         <name>aeabi_div0.c.obj</name>
      </input_file>
      <input_file id="fl-e9">
         <path>/home/alan8656/ti/ccs2040/ccs/tools/compiler/ti-cgt-armllvm_4.0.4.LTS/lib/armv6m-ti-none-eabi/c/</path>
         <kind>archive</kind>
         <file>libc.a</file>
         <name>memcpy16.S.obj</name>
      </input_file>
      <input_file id="fl-ea">
         <path>/home/alan8656/ti/ccs2040/ccs/tools/compiler/ti-cgt-armllvm_4.0.4.LTS/lib/armv6m-ti-none-eabi/c/</path>
         <kind>archive</kind>
         <file>libc.a</file>
         <name>memset16.S.obj</name>
      </input_file>
   </input_file_list>
   <object_component_list>
      <object_component id="oc-18">
         <name>.intvecs</name>
         <load_address>0x0</load_address>
         <readonly>true</readonly>
         <run_address>0x0</run_address>
         <size>0xc0</size>
         <alignment>0x4</alignment>
         <input_file_ref idref="fl-b"/>
      </object_component>
      <object_component id="oc-119">
         <name>.text.LCD_open_anime</name>
         <load_address>0xc0</load_address>
         <readonly>true</readonly>
         <executable>true</executable>
         <run_address>0xc0</run_address>
         <size>0x458</size>
         <alignment>0x4</alignment>
         <input_file_ref idref="fl-4"/>
      </object_component>
      <object_component id="oc-137">
         <name>.text.ProcessDistToDisplay</name>
         <load_address>0x518</load_address>
         <readonly>true</readonly>
         <executable>true</executable>
         <run_address>0x518</run_address>
         <size>0x2dc</size>
         <alignment>0x4</alignment>
         <input_file_ref idref="fl-4"/>
      </object_component>
      <object_component id="oc-d3">
         <name>.text.LcdManager</name>
         <load_address>0x7f4</load_address>
         <readonly>true</readonly>
         <executable>true</executable>
         <run_address>0x7f4</run_address>
         <size>0x2c4</size>
         <alignment>0x4</alignment>
         <input_file_ref idref="fl-4"/>
      </object_component>
      <object_component id="oc-138">
         <name>.text.DisplayDigital</name>
         <load_address>0xab8</load_address>
         <readonly>true</readonly>
         <executable>true</executable>
         <run_address>0xab8</run_address>
         <size>0x234</size>
         <alignment>0x4</alignment>
         <input_file_ref idref="fl-4"/>
      </object_component>
      <object_component id="oc-11e">
         <name>.text.ProcessButtonAction</name>
         <load_address>0xcec</load_address>
         <readonly>true</readonly>
         <executable>true</executable>
         <run_address>0xcec</run_address>
         <size>0x18c</size>
         <alignment>0x4</alignment>
         <input_file_ref idref="fl-2"/>
      </object_component>
      <object_component id="oc-136">
         <name>.text.DisplayRTC</name>
         <load_address>0xe78</load_address>
         <readonly>true</readonly>
         <executable>true</executable>
         <run_address>0xe78</run_address>
         <size>0x14c</size>
         <alignment>0x4</alignment>
         <input_file_ref idref="fl-4"/>
      </object_component>
      <object_component id="oc-d2">
         <name>.text.BatManager</name>
         <load_address>0xfc4</load_address>
         <readonly>true</readonly>
         <executable>true</executable>
         <run_address>0xfc4</run_address>
         <size>0x144</size>
         <alignment>0x4</alignment>
         <input_file_ref idref="fl-1"/>
      </object_component>
      <object_component id="oc-120">
         <name>.text.CalculatePulseChangeToSpeed</name>
         <load_address>0x1108</load_address>
         <readonly>true</readonly>
         <executable>true</executable>
         <run_address>0x1108</run_address>
         <size>0x140</size>
         <alignment>0x4</alignment>
         <input_file_ref idref="fl-7"/>
      </object_component>
      <object_component id="oc-139">
         <name>.text.DisplayRPM</name>
         <load_address>0x1248</load_address>
         <readonly>true</readonly>
         <executable>true</executable>
         <run_address>0x1248</run_address>
         <size>0x13c</size>
         <alignment>0x4</alignment>
         <input_file_ref idref="fl-4"/>
      </object_component>
      <object_component id="oc-11f">
         <name>.text.ProcessButtonTime</name>
         <load_address>0x1384</load_address>
         <readonly>true</readonly>
         <executable>true</executable>
         <run_address>0x1384</run_address>
         <size>0x12c</size>
         <alignment>0x4</alignment>
         <input_file_ref idref="fl-2"/>
      </object_component>
      <object_component id="oc-19f">
         <name>.text.__divdf3</name>
         <load_address>0x14b0</load_address>
         <readonly>true</readonly>
         <executable>true</executable>
         <run_address>0x14b0</run_address>
         <size>0x10c</size>
         <alignment>0x4</alignment>
         <input_file_ref idref="fl-e2"/>
      </object_component>
      <object_component id="oc-11d">
         <name>.text.CheckButtonStatus</name>
         <load_address>0x15bc</load_address>
         <readonly>true</readonly>
         <executable>true</executable>
         <run_address>0x15bc</run_address>
         <size>0x104</size>
         <alignment>0x4</alignment>
         <input_file_ref idref="fl-2"/>
      </object_component>
      <object_component id="oc-cc">
         <name>.text.TimerManager</name>
         <load_address>0x16c0</load_address>
         <readonly>true</readonly>
         <executable>true</executable>
         <run_address>0x16c0</run_address>
         <size>0x104</size>
         <alignment>0x4</alignment>
         <input_file_ref idref="fl-9"/>
      </object_component>
      <object_component id="oc-16d">
         <name>.text.DL_Timer_initTimerMode</name>
         <load_address>0x17c4</load_address>
         <readonly>true</readonly>
         <executable>true</executable>
         <run_address>0x17c4</run_address>
         <size>0xfc</size>
         <alignment>0x4</alignment>
         <input_file_ref idref="fl-1f"/>
      </object_component>
      <object_component id="oc-135">
         <name>.text.ProcessTimeToDisplay</name>
         <load_address>0x18c0</load_address>
         <readonly>true</readonly>
         <executable>true</executable>
         <run_address>0x18c0</run_address>
         <size>0xf4</size>
         <alignment>0x4</alignment>
         <input_file_ref idref="fl-4"/>
      </object_component>
      <object_component id="oc-1b9">
         <name>.text.send</name>
         <load_address>0x19b4</load_address>
         <readonly>true</readonly>
         <executable>true</executable>
         <run_address>0x19b4</run_address>
         <size>0xec</size>
         <alignment>0x4</alignment>
         <input_file_ref idref="fl-3"/>
      </object_component>
      <object_component id="oc-118">
         <name>.text.InitialBat</name>
         <load_address>0x1aa0</load_address>
         <readonly>true</readonly>
         <executable>true</executable>
         <run_address>0x1aa0</run_address>
         <size>0xe0</size>
         <alignment>0x4</alignment>
         <input_file_ref idref="fl-1"/>
      </object_component>
      <object_component id="oc-cd">
         <name>.text.PowerManager</name>
         <load_address>0x1b80</load_address>
         <readonly>true</readonly>
         <executable>true</executable>
         <run_address>0x1b80</run_address>
         <size>0xd8</size>
         <alignment>0x4</alignment>
         <input_file_ref idref="fl-8"/>
      </object_component>
      <object_component id="oc-f9">
         <name>.text.SYSCFG_DL_GPIO_init</name>
         <load_address>0x1c58</load_address>
         <readonly>true</readonly>
         <executable>true</executable>
         <run_address>0x1c58</run_address>
         <size>0xd4</size>
         <alignment>0x4</alignment>
         <input_file_ref idref="fl-a"/>
      </object_component>
      <object_component id="oc-d1">
         <name>.text.SpeedManager</name>
         <load_address>0x1d2c</load_address>
         <readonly>true</readonly>
         <executable>true</executable>
         <run_address>0x1d2c</run_address>
         <size>0xd0</size>
         <alignment>0x4</alignment>
         <input_file_ref idref="fl-7"/>
      </object_component>
      <object_component id="oc-17b">
         <name>.text.DL_RTC_Common_initCalendar</name>
         <load_address>0x1dfc</load_address>
         <readonly>true</readonly>
         <executable>true</executable>
         <run_address>0x1dfc</run_address>
         <size>0xa4</size>
         <alignment>0x4</alignment>
         <input_file_ref idref="fl-1e"/>
      </object_component>
      <object_component id="oc-c2">
         <name>.text:memcpy</name>
         <load_address>0x1ea0</load_address>
         <readonly>true</readonly>
         <executable>true</executable>
         <run_address>0x1ea0</run_address>
         <size>0x9a</size>
         <alignment>0x1</alignment>
         <input_file_ref idref="fl-e9"/>
      </object_component>
      <object_component id="oc-33">
         <name>.text.Default_Handler</name>
         <load_address>0x1f3a</load_address>
         <readonly>true</readonly>
         <executable>true</executable>
         <run_address>0x1f3a</run_address>
         <size>0x2</size>
         <alignment>0x2</alignment>
         <input_file_ref idref="fl-b"/>
      </object_component>
      <object_component id="oc-44">
         <name>.text.I2C1_IRQHandler</name>
         <load_address>0x1f3c</load_address>
         <readonly>true</readonly>
         <executable>true</executable>
         <run_address>0x1f3c</run_address>
         <size>0x94</size>
         <alignment>0x4</alignment>
         <input_file_ref idref="fl-3"/>
      </object_component>
      <object_component id="oc-fa">
         <name>.text.SYSCFG_DL_SYSCTL_init</name>
         <load_address>0x1fd0</load_address>
         <readonly>true</readonly>
         <executable>true</executable>
         <run_address>0x1fd0</run_address>
         <size>0x90</size>
         <alignment>0x4</alignment>
         <input_file_ref idref="fl-a"/>
      </object_component>
      <object_component id="oc-ff">
         <name>.text.SYSCFG_DL_ADC12_0_init</name>
         <load_address>0x2060</load_address>
         <readonly>true</readonly>
         <executable>true</executable>
         <run_address>0x2060</run_address>
         <size>0x8c</size>
         <alignment>0x4</alignment>
         <input_file_ref idref="fl-a"/>
      </object_component>
      <object_component id="oc-99">
         <name>.text.main</name>
         <load_address>0x20ec</load_address>
         <readonly>true</readonly>
         <executable>true</executable>
         <run_address>0x20ec</run_address>
         <size>0x8c</size>
         <alignment>0x4</alignment>
         <input_file_ref idref="fl-6"/>
      </object_component>
      <object_component id="oc-1c">
         <name>.text:decompress:lzss</name>
         <load_address>0x2178</load_address>
         <readonly>true</readonly>
         <executable>true</executable>
         <run_address>0x2178</run_address>
         <size>0x7c</size>
         <alignment>0x4</alignment>
         <input_file_ref idref="fl-39"/>
      </object_component>
      <object_component id="oc-fe">
         <name>.text.SYSCFG_DL_I2C_init</name>
         <load_address>0x21f4</load_address>
         <readonly>true</readonly>
         <executable>true</executable>
         <run_address>0x21f4</run_address>
         <size>0x78</size>
         <alignment>0x4</alignment>
         <input_file_ref idref="fl-a"/>
      </object_component>
      <object_component id="oc-15e">
         <name>.text.DL_SYSCTL_setHFCLKSourceHFXTParams</name>
         <load_address>0x226c</load_address>
         <readonly>true</readonly>
         <executable>true</executable>
         <run_address>0x226c</run_address>
         <size>0x64</size>
         <alignment>0x4</alignment>
         <input_file_ref idref="fl-20"/>
      </object_component>
      <object_component id="oc-f7">
         <name>.text:memset</name>
         <load_address>0x22d0</load_address>
         <readonly>true</readonly>
         <executable>true</executable>
         <run_address>0x22d0</run_address>
         <size>0x62</size>
         <alignment>0x1</alignment>
         <input_file_ref idref="fl-ea"/>
      </object_component>
      <object_component id="oc-1a9">
         <name>.text.__aeabi_idiv0</name>
         <load_address>0x2332</load_address>
         <readonly>true</readonly>
         <executable>true</executable>
         <run_address>0x2332</run_address>
         <size>0x2</size>
         <alignment>0x2</alignment>
         <input_file_ref idref="fl-e8"/>
      </object_component>
      <object_component id="oc-164">
         <name>.text.DL_SYSCTL_setLFCLKSourceLFXT</name>
         <load_address>0x2334</load_address>
         <readonly>true</readonly>
         <executable>true</executable>
         <run_address>0x2334</run_address>
         <size>0x60</size>
         <alignment>0x4</alignment>
         <input_file_ref idref="fl-20"/>
      </object_component>
      <object_component id="oc-f8">
         <name>.text.SYSCFG_DL_initPower</name>
         <load_address>0x2394</load_address>
         <readonly>true</readonly>
         <executable>true</executable>
         <run_address>0x2394</run_address>
         <size>0x60</size>
         <alignment>0x4</alignment>
         <input_file_ref idref="fl-a"/>
      </object_component>
      <object_component id="oc-7e">
         <name>.text.DL_I2C_fillControllerTXFIFO</name>
         <load_address>0x23f4</load_address>
         <readonly>true</readonly>
         <executable>true</executable>
         <run_address>0x23f4</run_address>
         <size>0x5e</size>
         <alignment>0x2</alignment>
         <input_file_ref idref="fl-1d"/>
      </object_component>
      <object_component id="oc-34">
         <name>.text.GROUP1_IRQHandler</name>
         <load_address>0x2454</load_address>
         <readonly>true</readonly>
         <executable>true</executable>
         <run_address>0x2454</run_address>
         <size>0x58</size>
         <alignment>0x4</alignment>
         <input_file_ref idref="fl-7"/>
      </object_component>
      <object_component id="oc-13a">
         <name>.text.LCD_IC_DisplayWrite</name>
         <load_address>0x24ac</load_address>
         <readonly>true</readonly>
         <executable>true</executable>
         <run_address>0x24ac</run_address>
         <size>0x54</size>
         <alignment>0x4</alignment>
         <input_file_ref idref="fl-d"/>
      </object_component>
      <object_component id="oc-fd">
         <name>.text.SYSCFG_DL_TIMER_65536_init</name>
         <load_address>0x2500</load_address>
         <readonly>true</readonly>
         <executable>true</executable>
         <run_address>0x2500</run_address>
         <size>0x4c</size>
         <alignment>0x4</alignment>
         <input_file_ref idref="fl-a"/>
      </object_component>
      <object_component id="oc-1a3">
         <name>.text.__fixdfsi</name>
         <load_address>0x254c</load_address>
         <readonly>true</readonly>
         <executable>true</executable>
         <run_address>0x254c</run_address>
         <size>0x4a</size>
         <alignment>0x4</alignment>
         <input_file_ref idref="fl-e3"/>
      </object_component>
      <object_component id="oc-165">
         <name>.text.DL_SYSCTL_switchMCLKfromSYSOSCtoHSCLK</name>
         <load_address>0x2598</load_address>
         <readonly>true</readonly>
         <executable>true</executable>
         <run_address>0x2598</run_address>
         <size>0x44</size>
         <alignment>0x4</alignment>
         <input_file_ref idref="fl-20"/>
      </object_component>
      <object_component id="oc-174">
         <name>.text.DL_ADC12_setClockConfig</name>
         <load_address>0x25dc</load_address>
         <readonly>true</readonly>
         <executable>true</executable>
         <run_address>0x25dc</run_address>
         <size>0x40</size>
         <alignment>0x4</alignment>
         <input_file_ref idref="fl-1b"/>
      </object_component>
      <object_component id="oc-12d">
         <name>.text.__aeabi_uidivmod</name>
         <load_address>0x261c</load_address>
         <readonly>true</readonly>
         <executable>true</executable>
         <run_address>0x261c</run_address>
         <size>0x40</size>
         <alignment>0x4</alignment>
         <input_file_ref idref="fl-e7"/>
      </object_component>
      <object_component id="oc-df">
         <name>.text:__TI_auto_init_nobinit_nopinit</name>
         <load_address>0x265c</load_address>
         <readonly>true</readonly>
         <executable>true</executable>
         <run_address>0x265c</run_address>
         <size>0x3c</size>
         <alignment>0x4</alignment>
         <input_file_ref idref="fl-3f"/>
      </object_component>
      <object_component id="oc-fc">
         <name>.text.SYSCFG_DL_TIMER_0_init</name>
         <load_address>0x2698</load_address>
         <readonly>true</readonly>
         <executable>true</executable>
         <run_address>0x2698</run_address>
         <size>0x38</size>
         <alignment>0x4</alignment>
         <input_file_ref idref="fl-a"/>
      </object_component>
      <object_component id="oc-c7">
         <name>.text.SYSCFG_DL_init</name>
         <load_address>0x26d0</load_address>
         <readonly>true</readonly>
         <executable>true</executable>
         <run_address>0x26d0</run_address>
         <size>0x30</size>
         <alignment>0x4</alignment>
         <input_file_ref idref="fl-a"/>
      </object_component>
      <object_component id="oc-64">
         <name>.text:_c_int00_noargs</name>
         <load_address>0x2700</load_address>
         <readonly>true</readonly>
         <executable>true</executable>
         <run_address>0x2700</run_address>
         <size>0x28</size>
         <alignment>0x4</alignment>
         <input_file_ref idref="fl-3a"/>
      </object_component>
      <object_component id="oc-172">
         <name>.text.DL_I2C_setClockConfig</name>
         <load_address>0x2728</load_address>
         <readonly>true</readonly>
         <executable>true</executable>
         <run_address>0x2728</run_address>
         <size>0x26</size>
         <alignment>0x2</alignment>
         <input_file_ref idref="fl-1d"/>
      </object_component>
      <object_component id="oc-19b">
         <name>.text.__floatunsidf</name>
         <load_address>0x2750</load_address>
         <readonly>true</readonly>
         <executable>true</executable>
         <run_address>0x2750</run_address>
         <size>0x24</size>
         <alignment>0x4</alignment>
         <input_file_ref idref="fl-e4"/>
      </object_component>
      <object_component id="oc-39">
         <name>.text.ADC0_IRQHandler</name>
         <load_address>0x2774</load_address>
         <readonly>true</readonly>
         <executable>true</executable>
         <run_address>0x2774</run_address>
         <size>0x1c</size>
         <alignment>0x4</alignment>
         <input_file_ref idref="fl-1"/>
      </object_component>
      <object_component id="oc-167">
         <name>.text.DL_Timer_setClockConfig</name>
         <load_address>0x2790</load_address>
         <readonly>true</readonly>
         <executable>true</executable>
         <run_address>0x2790</run_address>
         <size>0x1c</size>
         <alignment>0x4</alignment>
         <input_file_ref idref="fl-1f"/>
      </object_component>
      <object_component id="oc-100">
         <name>.text.SYSCFG_DL_RTC_init</name>
         <load_address>0x27ac</load_address>
         <readonly>true</readonly>
         <executable>true</executable>
         <run_address>0x27ac</run_address>
         <size>0x1c</size>
         <alignment>0x4</alignment>
         <input_file_ref idref="fl-a"/>
      </object_component>
      <object_component id="oc-3e">
         <name>.text.TIMG0_IRQHandler</name>
         <load_address>0x27c8</load_address>
         <readonly>true</readonly>
         <executable>true</executable>
         <run_address>0x27c8</run_address>
         <size>0x1c</size>
         <alignment>0x4</alignment>
         <input_file_ref idref="fl-9"/>
      </object_component>
      <object_component id="oc-43">
         <name>.text.TIMG6_IRQHandler</name>
         <load_address>0x27e4</load_address>
         <readonly>true</readonly>
         <executable>true</executable>
         <run_address>0x27e4</run_address>
         <size>0x1c</size>
         <alignment>0x4</alignment>
         <input_file_ref idref="fl-9"/>
      </object_component>
      <object_component id="oc-181">
         <name>.text.LCD_IC_DisplayOn</name>
         <load_address>0x2800</load_address>
         <readonly>true</readonly>
         <executable>true</executable>
         <run_address>0x2800</run_address>
         <size>0x18</size>
         <alignment>0x4</alignment>
         <input_file_ref idref="fl-d"/>
      </object_component>
      <object_component id="oc-5b">
         <name>.text:decompress:ZI:__TI_zero_init_nomemset</name>
         <load_address>0x2818</load_address>
         <readonly>true</readonly>
         <executable>true</executable>
         <run_address>0x2818</run_address>
         <size>0x16</size>
         <alignment>0x2</alignment>
         <input_file_ref idref="fl-37"/>
      </object_component>
      <object_component id="oc-20">
         <name>.text:decompress:none</name>
         <load_address>0x282e</load_address>
         <readonly>true</readonly>
         <executable>true</executable>
         <run_address>0x282e</run_address>
         <size>0x12</size>
         <alignment>0x2</alignment>
         <input_file_ref idref="fl-38"/>
      </object_component>
      <object_component id="oc-cf">
         <name>.text.ButtonManager</name>
         <load_address>0x2840</load_address>
         <readonly>true</readonly>
         <executable>true</executable>
         <run_address>0x2840</run_address>
         <size>0x10</size>
         <alignment>0x2</alignment>
         <input_file_ref idref="fl-2"/>
      </object_component>
      <object_component id="oc-113">
         <name>.text.InitialLed</name>
         <load_address>0x2850</load_address>
         <readonly>true</readonly>
         <executable>true</executable>
         <run_address>0x2850</run_address>
         <size>0x10</size>
         <alignment>0x4</alignment>
         <input_file_ref idref="fl-5"/>
      </object_component>
      <object_component id="oc-90">
         <name>.text.__aeabi_memclr</name>
         <load_address>0x2860</load_address>
         <readonly>true</readonly>
         <executable>true</executable>
         <run_address>0x2860</run_address>
         <size>0xc</size>
         <alignment>0x4</alignment>
         <input_file_ref idref="fl-e6"/>
      </object_component>
      <object_component id="oc-15a">
         <name>.text.DL_Common_delayCycles</name>
         <load_address>0x286c</load_address>
         <readonly>true</readonly>
         <executable>true</executable>
         <run_address>0x286c</run_address>
         <size>0xa</size>
         <alignment>0x2</alignment>
         <input_file_ref idref="fl-1c"/>
      </object_component>
      <object_component id="oc-112">
         <name>.text.Initial_LCD</name>
         <load_address>0x2876</load_address>
         <readonly>true</readonly>
         <executable>true</executable>
         <run_address>0x2876</run_address>
         <size>0x8</size>
         <alignment>0x2</alignment>
         <input_file_ref idref="fl-4"/>
      </object_component>
      <object_component id="oc-54">
         <name>.text.__aeabi_memcpy</name>
         <load_address>0x2880</load_address>
         <readonly>true</readonly>
         <executable>true</executable>
         <run_address>0x2880</run_address>
         <size>0x8</size>
         <alignment>0x4</alignment>
         <input_file_ref idref="fl-e5"/>
      </object_component>
      <object_component id="oc-d8">
         <name>.text:abort</name>
         <load_address>0x2888</load_address>
         <readonly>true</readonly>
         <executable>true</executable>
         <run_address>0x2888</run_address>
         <size>0x6</size>
         <alignment>0x2</alignment>
         <input_file_ref idref="fl-3c"/>
      </object_component>
      <object_component id="oc-149">
         <name>.text.HOSTexit</name>
         <load_address>0x288e</load_address>
         <readonly>true</readonly>
         <executable>true</executable>
         <run_address>0x288e</run_address>
         <size>0x4</size>
         <alignment>0x2</alignment>
         <input_file_ref idref="fl-e1"/>
      </object_component>
      <object_component id="oc-2f">
         <name>.text.Reset_Handler</name>
         <load_address>0x2892</load_address>
         <readonly>true</readonly>
         <executable>true</executable>
         <run_address>0x2892</run_address>
         <size>0x4</size>
         <alignment>0x2</alignment>
         <input_file_ref idref="fl-b"/>
      </object_component>
      <object_component id="oc-95">
         <name>.text._system_pre_init</name>
         <load_address>0x2896</load_address>
         <readonly>true</readonly>
         <executable>true</executable>
         <run_address>0x2896</run_address>
         <size>0x4</size>
         <alignment>0x2</alignment>
         <input_file_ref idref="fl-40"/>
      </object_component>
      <object_component id="oc-21b">
         <name>.cinit..data.load</name>
         <load_address>0x2910</load_address>
         <readonly>true</readonly>
         <run_address>0x2910</run_address>
         <size>0xc</size>
         <alignment>0x1</alignment>
      </object_component>
      <object_component id="oc-219">
         <name>__TI_handler_table</name>
         <load_address>0x291c</load_address>
         <readonly>true</readonly>
         <run_address>0x291c</run_address>
         <size>0xc</size>
         <alignment>0x4</alignment>
      </object_component>
      <object_component id="oc-21c">
         <name>.cinit..bss.load</name>
         <load_address>0x2928</load_address>
         <readonly>true</readonly>
         <run_address>0x2928</run_address>
         <size>0x8</size>
         <alignment>0x4</alignment>
      </object_component>
      <object_component id="oc-21a">
         <name>__TI_cinit_table</name>
         <load_address>0x2930</load_address>
         <readonly>true</readonly>
         <run_address>0x2930</run_address>
         <size>0x10</size>
         <alignment>0x4</alignment>
      </object_component>
      <object_component id="oc-145">
         <name>.rodata.NumberAndWordTable</name>
         <load_address>0x28a0</load_address>
         <readonly>true</readonly>
         <run_address>0x28a0</run_address>
         <size>0x1b</size>
         <alignment>0x1</alignment>
         <input_file_ref idref="fl-c"/>
      </object_component>
      <object_component id="oc-16f">
         <name>.rodata.gTIMER_0TimerConfig</name>
         <load_address>0x28bc</load_address>
         <readonly>true</readonly>
         <run_address>0x28bc</run_address>
         <size>0x14</size>
         <alignment>0x4</alignment>
         <input_file_ref idref="fl-a"/>
      </object_component>
      <object_component id="oc-171">
         <name>.rodata.gTIMER_65536TimerConfig</name>
         <load_address>0x28d0</load_address>
         <readonly>true</readonly>
         <run_address>0x28d0</run_address>
         <size>0x14</size>
         <alignment>0x4</alignment>
         <input_file_ref idref="fl-a"/>
      </object_component>
      <object_component id="oc-140">
         <name>.rodata.NumberToWordTable</name>
         <load_address>0x28e4</load_address>
         <readonly>true</readonly>
         <run_address>0x28e4</run_address>
         <size>0x13</size>
         <alignment>0x1</alignment>
         <input_file_ref idref="fl-c"/>
      </object_component>
      <object_component id="oc-17a">
         <name>.rodata.gADC12_0ClockConfig</name>
         <load_address>0x28f8</load_address>
         <readonly>true</readonly>
         <run_address>0x28f8</run_address>
         <size>0x8</size>
         <alignment>0x4</alignment>
         <input_file_ref idref="fl-a"/>
      </object_component>
      <object_component id="oc-166">
         <name>.rodata.gLFCLKConfig</name>
         <load_address>0x2900</load_address>
         <readonly>true</readonly>
         <run_address>0x2900</run_address>
         <size>0x3</size>
         <alignment>0x1</alignment>
         <input_file_ref idref="fl-a"/>
      </object_component>
      <object_component id="oc-16e">
         <name>.rodata.gTIMER_0ClockConfig</name>
         <load_address>0x2903</load_address>
         <readonly>true</readonly>
         <run_address>0x2903</run_address>
         <size>0x3</size>
         <alignment>0x1</alignment>
         <input_file_ref idref="fl-a"/>
      </object_component>
      <object_component id="oc-170">
         <name>.rodata.gTIMER_65536ClockConfig</name>
         <load_address>0x2906</load_address>
         <readonly>true</readonly>
         <run_address>0x2906</run_address>
         <size>0x3</size>
         <alignment>0x1</alignment>
         <input_file_ref idref="fl-a"/>
      </object_component>
      <object_component id="oc-173">
         <name>.rodata.gI2CClockConfig</name>
         <load_address>0x2909</load_address>
         <readonly>true</readonly>
         <run_address>0x2909</run_address>
         <size>0x2</size>
         <alignment>0x1</alignment>
         <input_file_ref idref="fl-a"/>
      </object_component>
      <object_component id="oc-1e3">
         <name>.binit</name>
         <load_address>0x0</load_address>
         <readonly>true</readonly>
         <run_address>0x0</run_address>
         <size>0x0</size>
         <alignment>0x4</alignment>
      </object_component>
      <object_component id="oc-134">
         <name>.data.RealBatBuf</name>
         <load_address>0x202001c0</load_address>
         <readwrite>true</readwrite>
         <run_address>0x202001c0</run_address>
         <size>0x4</size>
         <alignment>0x4</alignment>
         <input_file_ref idref="fl-1"/>
      </object_component>
      <object_component id="oc-132">
         <name>.data.IN_TEST_MODE</name>
         <load_address>0x202001ee</load_address>
         <readwrite>true</readwrite>
         <run_address>0x202001ee</run_address>
         <size>0x1</size>
         <alignment>0x1</alignment>
         <input_file_ref idref="fl-1"/>
      </object_component>
      <object_component id="oc-72">
         <name>.data.gCheckADC</name>
         <load_address>0x20200204</load_address>
         <readwrite>true</readwrite>
         <run_address>0x20200204</run_address>
         <size>0x1</size>
         <alignment>0x1</alignment>
         <input_file_ref idref="fl-1"/>
      </object_component>
      <object_component id="oc-131">
         <name>.data.Bat3sCnt</name>
         <load_address>0x202001e5</load_address>
         <readwrite>true</readwrite>
         <run_address>0x202001e5</run_address>
         <size>0x1</size>
         <alignment>0x1</alignment>
         <input_file_ref idref="fl-1"/>
      </object_component>
      <object_component id="oc-133">
         <name>.data.BatAdBuf</name>
         <load_address>0x202001b8</load_address>
         <readwrite>true</readwrite>
         <run_address>0x202001b8</run_address>
         <size>0x4</size>
         <alignment>0x4</alignment>
         <input_file_ref idref="fl-1"/>
      </object_component>
      <object_component id="oc-187">
         <name>.data.NewButtonBuf</name>
         <load_address>0x202001f2</load_address>
         <readwrite>true</readwrite>
         <run_address>0x202001f2</run_address>
         <size>0x1</size>
         <alignment>0x1</alignment>
         <input_file_ref idref="fl-2"/>
      </object_component>
      <object_component id="oc-188">
         <name>.data.RealButtonBuf</name>
         <load_address>0x202001f7</load_address>
         <readwrite>true</readwrite>
         <run_address>0x202001f7</run_address>
         <size>0x1</size>
         <alignment>0x1</alignment>
         <input_file_ref idref="fl-2"/>
      </object_component>
      <object_component id="oc-189">
         <name>.data.ButtonBuf</name>
         <load_address>0x202001e6</load_address>
         <readwrite>true</readwrite>
         <run_address>0x202001e6</run_address>
         <size>0x1</size>
         <alignment>0x1</alignment>
         <input_file_ref idref="fl-2"/>
      </object_component>
      <object_component id="oc-199">
         <name>.data.SOFT_VERSION_MODE</name>
         <load_address>0x202001f9</load_address>
         <readwrite>true</readwrite>
         <run_address>0x202001f9</run_address>
         <size>0x1</size>
         <alignment>0x1</alignment>
         <input_file_ref idref="fl-2"/>
      </object_component>
      <object_component id="oc-198">
         <name>.data.Clock_Func_ShortPress.SetMinTen</name>
         <load_address>0x202001e7</load_address>
         <readwrite>true</readwrite>
         <run_address>0x202001e7</run_address>
         <size>0x1</size>
         <alignment>0x1</alignment>
         <input_file_ref idref="fl-2"/>
      </object_component>
      <object_component id="oc-197">
         <name>.data.Clock_Func_ShortPress.SetMinUnit</name>
         <load_address>0x202001e8</load_address>
         <readwrite>true</readwrite>
         <run_address>0x202001e8</run_address>
         <size>0x1</size>
         <alignment>0x1</alignment>
         <input_file_ref idref="fl-2"/>
      </object_component>
      <object_component id="oc-13d">
         <name>.data.fuel_cal</name>
         <load_address>0x20200203</load_address>
         <readwrite>true</readwrite>
         <run_address>0x20200203</run_address>
         <size>0x1</size>
         <alignment>0x1</alignment>
         <input_file_ref idref="fl-4"/>
      </object_component>
      <object_component id="oc-13f">
         <name>.data.GEAR</name>
         <load_address>0x202001eb</load_address>
         <readwrite>true</readwrite>
         <run_address>0x202001eb</run_address>
         <size>0x1</size>
         <alignment>0x1</alignment>
         <input_file_ref idref="fl-4"/>
      </object_component>
      <object_component id="oc-142">
         <name>.data.GEAR_num</name>
         <load_address>0x202001ec</load_address>
         <readwrite>true</readwrite>
         <run_address>0x202001ec</run_address>
         <size>0x1</size>
         <alignment>0x1</alignment>
         <input_file_ref idref="fl-4"/>
      </object_component>
      <object_component id="oc-185">
         <name>.data.LCD_open_count</name>
         <load_address>0x202001ef</load_address>
         <readwrite>true</readwrite>
         <run_address>0x202001ef</run_address>
         <size>0x1</size>
         <alignment>0x1</alignment>
         <input_file_ref idref="fl-4"/>
      </object_component>
      <object_component id="oc-186">
         <name>.data.LcdOpenMode</name>
         <load_address>0x202001f0</load_address>
         <readwrite>true</readwrite>
         <run_address>0x202001f0</run_address>
         <size>0x1</size>
         <alignment>0x1</alignment>
         <input_file_ref idref="fl-4"/>
      </object_component>
      <object_component id="oc-13c">
         <name>.data.SwithDisplayFlag</name>
         <load_address>0x202001ff</load_address>
         <readwrite>true</readwrite>
         <run_address>0x202001ff</run_address>
         <size>0x1</size>
         <alignment>0x1</alignment>
         <input_file_ref idref="fl-4"/>
      </object_component>
      <object_component id="oc-126">
         <name>.data.RealSpeedKmhBuf</name>
         <load_address>0x202001d8</load_address>
         <readwrite>true</readwrite>
         <run_address>0x202001d8</run_address>
         <size>0x2</size>
         <alignment>0x2</alignment>
         <input_file_ref idref="fl-7"/>
      </object_component>
      <object_component id="oc-127">
         <name>.data.NewSpeedKmhBuf</name>
         <load_address>0x202001d4</load_address>
         <readwrite>true</readwrite>
         <run_address>0x202001d4</run_address>
         <size>0x2</size>
         <alignment>0x2</alignment>
         <input_file_ref idref="fl-7"/>
      </object_component>
      <object_component id="oc-128">
         <name>.data.RealSpeedMphBuf</name>
         <load_address>0x202001da</load_address>
         <readwrite>true</readwrite>
         <run_address>0x202001da</run_address>
         <size>0x2</size>
         <alignment>0x2</alignment>
         <input_file_ref idref="fl-7"/>
      </object_component>
      <object_component id="oc-129">
         <name>.data.NewSpeedMphBuf</name>
         <load_address>0x202001d6</load_address>
         <readwrite>true</readwrite>
         <run_address>0x202001d6</run_address>
         <size>0x2</size>
         <alignment>0x2</alignment>
         <input_file_ref idref="fl-7"/>
      </object_component>
      <object_component id="oc-12a">
         <name>.data.DispSpeedKmhBuf</name>
         <load_address>0x202001d0</load_address>
         <readwrite>true</readwrite>
         <run_address>0x202001d0</run_address>
         <size>0x2</size>
         <alignment>0x2</alignment>
         <input_file_ref idref="fl-7"/>
      </object_component>
      <object_component id="oc-12b">
         <name>.data.DispSpeedMphBuf</name>
         <load_address>0x202001d2</load_address>
         <readwrite>true</readwrite>
         <run_address>0x202001d2</run_address>
         <size>0x2</size>
         <alignment>0x2</alignment>
         <input_file_ref idref="fl-7"/>
      </object_component>
      <object_component id="oc-1a7">
         <name>.data.SPEED_DOWN_FLAG</name>
         <load_address>0x202001fb</load_address>
         <readwrite>true</readwrite>
         <run_address>0x202001fb</run_address>
         <size>0x1</size>
         <alignment>0x1</alignment>
         <input_file_ref idref="fl-7"/>
      </object_component>
      <object_component id="oc-6e">
         <name>.data.SPEED_IN_FLAG</name>
         <load_address>0x202001fc</load_address>
         <readwrite>true</readwrite>
         <run_address>0x202001fc</run_address>
         <size>0x1</size>
         <alignment>0x1</alignment>
         <input_file_ref idref="fl-7"/>
      </object_component>
      <object_component id="oc-121">
         <name>.data.NEW_FRIST_PULSE_FLAG</name>
         <load_address>0x202001f1</load_address>
         <readwrite>true</readwrite>
         <run_address>0x202001f1</run_address>
         <size>0x1</size>
         <alignment>0x1</alignment>
         <input_file_ref idref="fl-7"/>
      </object_component>
      <object_component id="oc-122">
         <name>.data.SpeedBuf2</name>
         <load_address>0x202001c8</load_address>
         <readwrite>true</readwrite>
         <run_address>0x202001c8</run_address>
         <size>0x4</size>
         <alignment>0x4</alignment>
         <input_file_ref idref="fl-7"/>
      </object_component>
      <object_component id="oc-123">
         <name>.data.SpeedBuf1</name>
         <load_address>0x202001c4</load_address>
         <readwrite>true</readwrite>
         <run_address>0x202001c4</run_address>
         <size>0x4</size>
         <alignment>0x4</alignment>
         <input_file_ref idref="fl-7"/>
      </object_component>
      <object_component id="oc-124">
         <name>.data.SpeedPulseCnt</name>
         <load_address>0x202001fe</load_address>
         <readwrite>true</readwrite>
         <run_address>0x202001fe</run_address>
         <size>0x1</size>
         <alignment>0x1</alignment>
         <input_file_ref idref="fl-7"/>
      </object_component>
      <object_component id="oc-125">
         <name>.data.SpeedAveCnt</name>
         <load_address>0x202001fd</load_address>
         <readwrite>true</readwrite>
         <run_address>0x202001fd</run_address>
         <size>0x1</size>
         <alignment>0x1</alignment>
         <input_file_ref idref="fl-7"/>
      </object_component>
      <object_component id="oc-6c">
         <name>.data.NEWSPEEDPULSE</name>
         <load_address>0x202001bc</load_address>
         <readwrite>true</readwrite>
         <run_address>0x202001bc</run_address>
         <size>0x4</size>
         <alignment>0x4</alignment>
         <input_file_ref idref="fl-7"/>
      </object_component>
      <object_component id="oc-d5">
         <name>.data.FIRST_START_FLAG</name>
         <load_address>0x202001e9</load_address>
         <readwrite>true</readwrite>
         <run_address>0x202001e9</run_address>
         <size>0x1</size>
         <alignment>0x1</alignment>
         <input_file_ref idref="fl-8"/>
      </object_component>
      <object_component id="oc-11a">
         <name>.data.pIGN</name>
         <load_address>0x20200206</load_address>
         <readwrite>true</readwrite>
         <run_address>0x20200206</run_address>
         <size>0x1</size>
         <alignment>0x1</alignment>
         <input_file_ref idref="fl-8"/>
      </object_component>
      <object_component id="oc-d6">
         <name>.data.IGN_ON_FLAG</name>
         <load_address>0x202001ed</load_address>
         <readwrite>true</readwrite>
         <run_address>0x202001ed</run_address>
         <size>0x1</size>
         <alignment>0x1</alignment>
         <input_file_ref idref="fl-8"/>
      </object_component>
      <object_component id="oc-d7">
         <name>.data.OPENING_FLAG</name>
         <load_address>0x202001f3</load_address>
         <readwrite>true</readwrite>
         <run_address>0x202001f3</run_address>
         <size>0x1</size>
         <alignment>0x1</alignment>
         <input_file_ref idref="fl-8"/>
      </object_component>
      <object_component id="oc-11b">
         <name>.data.PowerOffCnt</name>
         <load_address>0x202001f5</load_address>
         <readwrite>true</readwrite>
         <run_address>0x202001f5</run_address>
         <size>0x1</size>
         <alignment>0x1</alignment>
         <input_file_ref idref="fl-8"/>
      </object_component>
      <object_component id="oc-11c">
         <name>.data.PowerOnCnt</name>
         <load_address>0x202001f6</load_address>
         <readwrite>true</readwrite>
         <run_address>0x202001f6</run_address>
         <size>0x1</size>
         <alignment>0x1</alignment>
         <input_file_ref idref="fl-8"/>
      </object_component>
      <object_component id="oc-108">
         <name>.data.rtcHour</name>
         <load_address>0x20200207</load_address>
         <readwrite>true</readwrite>
         <run_address>0x20200207</run_address>
         <size>0x1</size>
         <alignment>0x1</alignment>
         <input_file_ref idref="fl-9"/>
      </object_component>
      <object_component id="oc-109">
         <name>.data.rtcMin</name>
         <load_address>0x20200208</load_address>
         <readwrite>true</readwrite>
         <run_address>0x20200208</run_address>
         <size>0x1</size>
         <alignment>0x1</alignment>
         <input_file_ref idref="fl-9"/>
      </object_component>
      <object_component id="oc-107">
         <name>.data.rtcSec</name>
         <load_address>0x20200209</load_address>
         <readwrite>true</readwrite>
         <run_address>0x20200209</run_address>
         <size>0x1</size>
         <alignment>0x1</alignment>
         <input_file_ref idref="fl-9"/>
      </object_component>
      <object_component id="oc-106">
         <name>.data.rtcSecCounter</name>
         <load_address>0x202001cc</load_address>
         <readwrite>true</readwrite>
         <run_address>0x202001cc</run_address>
         <size>0x4</size>
         <alignment>0x4</alignment>
         <input_file_ref idref="fl-9"/>
      </object_component>
      <object_component id="oc-104">
         <name>.data.lcdFlag</name>
         <load_address>0x20200205</load_address>
         <readwrite>true</readwrite>
         <run_address>0x20200205</run_address>
         <size>0x1</size>
         <alignment>0x1</alignment>
         <input_file_ref idref="fl-9"/>
      </object_component>
      <object_component id="oc-10b">
         <name>.data.BUTTON_CYCLE_FLAG</name>
         <load_address>0x202001e4</load_address>
         <readwrite>true</readwrite>
         <run_address>0x202001e4</run_address>
         <size>0x1</size>
         <alignment>0x1</alignment>
         <input_file_ref idref="fl-9"/>
      </object_component>
      <object_component id="oc-10a">
         <name>.data.buttonCounter</name>
         <load_address>0x20200201</load_address>
         <readwrite>true</readwrite>
         <run_address>0x20200201</run_address>
         <size>0x1</size>
         <alignment>0x1</alignment>
         <input_file_ref idref="fl-9"/>
      </object_component>
      <object_component id="oc-193">
         <name>.data.SET_CLOCK_MODE</name>
         <load_address>0x202001f8</load_address>
         <readwrite>true</readwrite>
         <run_address>0x202001f8</run_address>
         <size>0x1</size>
         <alignment>0x1</alignment>
         <input_file_ref idref="fl-9"/>
      </object_component>
      <object_component id="oc-110">
         <name>.data.count500ms</name>
         <load_address>0x20200202</load_address>
         <readwrite>true</readwrite>
         <run_address>0x20200202</run_address>
         <size>0x1</size>
         <alignment>0x1</alignment>
         <input_file_ref idref="fl-9"/>
      </object_component>
      <object_component id="oc-111">
         <name>.data.Flash500msFlag</name>
         <load_address>0x202001ea</load_address>
         <readwrite>true</readwrite>
         <run_address>0x202001ea</run_address>
         <size>0x1</size>
         <alignment>0x1</alignment>
         <input_file_ref idref="fl-9"/>
      </object_component>
      <object_component id="oc-10d">
         <name>.data.speedcount</name>
         <load_address>0x202001e0</load_address>
         <readwrite>true</readwrite>
         <run_address>0x202001e0</run_address>
         <size>0x2</size>
         <alignment>0x2</alignment>
         <input_file_ref idref="fl-9"/>
      </object_component>
      <object_component id="oc-6f">
         <name>.data.SpeedTimeOverBuf</name>
         <load_address>0x202001dc</load_address>
         <readwrite>true</readwrite>
         <run_address>0x202001dc</run_address>
         <size>0x2</size>
         <alignment>0x2</alignment>
         <input_file_ref idref="fl-9"/>
      </object_component>
      <object_component id="oc-10e">
         <name>.data.SPEED_CYCLE_FLAG</name>
         <load_address>0x202001fa</load_address>
         <readwrite>true</readwrite>
         <run_address>0x202001fa</run_address>
         <size>0x1</size>
         <alignment>0x1</alignment>
         <input_file_ref idref="fl-9"/>
      </object_component>
      <object_component id="oc-10f">
         <name>.data.AVEDISP_FLAG</name>
         <load_address>0x202001e2</load_address>
         <readwrite>true</readwrite>
         <run_address>0x202001e2</run_address>
         <size>0x1</size>
         <alignment>0x1</alignment>
         <input_file_ref idref="fl-9"/>
      </object_component>
      <object_component id="oc-6b">
         <name>.data.TMR2H</name>
         <load_address>0x202001de</load_address>
         <readwrite>true</readwrite>
         <run_address>0x202001de</run_address>
         <size>0x2</size>
         <alignment>0x2</alignment>
         <input_file_ref idref="fl-9"/>
      </object_component>
      <object_component id="oc-7d">
         <name>.data.TIMER65536_flag</name>
         <load_address>0x20200200</load_address>
         <readwrite>true</readwrite>
         <run_address>0x20200200</run_address>
         <size>0x1</size>
         <alignment>0x1</alignment>
         <input_file_ref idref="fl-9"/>
      </object_component>
      <object_component id="oc-10c">
         <name>.data.BAT_CYCLE_FLAG</name>
         <load_address>0x202001e3</load_address>
         <readwrite>true</readwrite>
         <run_address>0x202001e3</run_address>
         <size>0x1</size>
         <alignment>0x1</alignment>
         <input_file_ref idref="fl-9"/>
      </object_component>
      <object_component id="oc-105">
         <name>.data.POWER_CYCLE_FLAG</name>
         <load_address>0x202001f4</load_address>
         <readwrite>true</readwrite>
         <run_address>0x202001f4</run_address>
         <size>0x1</size>
         <alignment>0x1</alignment>
         <input_file_ref idref="fl-9"/>
      </object_component>
      <object_component id="oc-84">
         <name>.bss.gI2cControllerStatus</name>
         <uninitialized>true</uninitialized>
         <readwrite>true</readwrite>
         <run_address>0x20200159</run_address>
         <size>0x1</size>
         <alignment>0x1</alignment>
         <input_file_ref idref="fl-3"/>
      </object_component>
      <object_component id="oc-144">
         <name>.bss.DISPLAY3.0</name>
         <uninitialized>true</uninitialized>
         <readwrite>true</readwrite>
         <run_address>0x2020019e</run_address>
         <size>0x2</size>
         <alignment>0x2</alignment>
         <input_file_ref idref="fl-4"/>
      </object_component>
      <object_component id="oc-146">
         <name>.bss.DISPLAY2.0</name>
         <uninitialized>true</uninitialized>
         <readwrite>true</readwrite>
         <run_address>0x2020019c</run_address>
         <size>0x2</size>
         <alignment>0x2</alignment>
         <input_file_ref idref="fl-4"/>
      </object_component>
      <object_component id="oc-147">
         <name>.bss.DISPLAY1.0</name>
         <uninitialized>true</uninitialized>
         <readwrite>true</readwrite>
         <run_address>0x2020019a</run_address>
         <size>0x2</size>
         <alignment>0x2</alignment>
         <input_file_ref idref="fl-4"/>
      </object_component>
      <object_component id="oc-148">
         <name>.bss.DISPLAY0.0</name>
         <uninitialized>true</uninitialized>
         <readwrite>true</readwrite>
         <run_address>0x20200198</run_address>
         <size>0x2</size>
         <alignment>0x2</alignment>
         <input_file_ref idref="fl-4"/>
      </object_component>
      <object_component id="oc-1af">
         <name>.bss.DISPLAY5.0</name>
         <uninitialized>true</uninitialized>
         <readwrite>true</readwrite>
         <run_address>0x202001a2</run_address>
         <size>0x2</size>
         <alignment>0x2</alignment>
         <input_file_ref idref="fl-4"/>
      </object_component>
      <object_component id="oc-1b0">
         <name>.bss.DISPLAY4.0</name>
         <uninitialized>true</uninitialized>
         <readwrite>true</readwrite>
         <run_address>0x202001a0</run_address>
         <size>0x2</size>
         <alignment>0x2</alignment>
         <input_file_ref idref="fl-4"/>
      </object_component>
      <object_component id="oc-1b1">
         <name>.bss.DISPLAY6.0</name>
         <uninitialized>true</uninitialized>
         <readwrite>true</readwrite>
         <run_address>0x202001a4</run_address>
         <size>0x2</size>
         <alignment>0x2</alignment>
         <input_file_ref idref="fl-4"/>
      </object_component>
      <object_component id="oc-1ba">
         <name>.bss.LCD_IC_DisplayWrite.tx_buffer</name>
         <uninitialized>true</uninitialized>
         <readwrite>true</readwrite>
         <run_address>0x202000e0</run_address>
         <size>0x35</size>
         <alignment>0x4</alignment>
         <input_file_ref idref="fl-d"/>
      </object_component>
      <object_component id="oc-76">
         <name>.common:timerFlag</name>
         <uninitialized>true</uninitialized>
         <readwrite>true</readwrite>
         <run_address>0x202001b5</run_address>
         <size>0x1</size>
         <alignment>0x1</alignment>
      </object_component>
      <object_component id="oc-18a">
         <name>.common:Button5sCnt</name>
         <uninitialized>true</uninitialized>
         <readwrite>true</readwrite>
         <run_address>0x202001a6</run_address>
         <size>0x2</size>
         <alignment>0x2</alignment>
      </object_component>
      <object_component id="oc-18b">
         <name>.common:Button2sCnt</name>
         <uninitialized>true</uninitialized>
         <readwrite>true</readwrite>
         <run_address>0x202001a8</run_address>
         <size>0x1</size>
         <alignment>0x1</alignment>
      </object_component>
      <object_component id="oc-18c">
         <name>.common:ButtonDebounce</name>
         <uninitialized>true</uninitialized>
         <readwrite>true</readwrite>
         <run_address>0x202001a9</run_address>
         <size>0x1</size>
         <alignment>0x1</alignment>
      </object_component>
      <object_component id="oc-18d">
         <name>.common:MODE_FUNC_PRESS_FLAG</name>
         <uninitialized>true</uninitialized>
         <readwrite>true</readwrite>
         <run_address>0x202001ae</run_address>
         <size>0x1</size>
         <alignment>0x1</alignment>
      </object_component>
      <object_component id="oc-18e">
         <name>.common:MODE_PRESS_FLAG</name>
         <uninitialized>true</uninitialized>
         <readwrite>true</readwrite>
         <run_address>0x202001af</run_address>
         <size>0x1</size>
         <alignment>0x1</alignment>
      </object_component>
      <object_component id="oc-18f">
         <name>.common:FUNC_PRESS_FLAG</name>
         <uninitialized>true</uninitialized>
         <readwrite>true</readwrite>
         <run_address>0x202001ab</run_address>
         <size>0x1</size>
         <alignment>0x1</alignment>
      </object_component>
      <object_component id="oc-190">
         <name>.common:SOMEBUTTON_PRESSED_FLAG</name>
         <uninitialized>true</uninitialized>
         <readwrite>true</readwrite>
         <run_address>0x202001b3</run_address>
         <size>0x1</size>
         <alignment>0x1</alignment>
      </object_component>
      <object_component id="oc-191">
         <name>.common:FUNC_RELEASE_FLAG</name>
         <uninitialized>true</uninitialized>
         <readwrite>true</readwrite>
         <run_address>0x202001ac</run_address>
         <size>0x1</size>
         <alignment>0x1</alignment>
      </object_component>
      <object_component id="oc-192">
         <name>.common:MODE_RELEASE_FLAG</name>
         <uninitialized>true</uninitialized>
         <readwrite>true</readwrite>
         <run_address>0x202001b0</run_address>
         <size>0x1</size>
         <alignment>0x1</alignment>
      </object_component>
      <object_component id="oc-194">
         <name>.common:TimeMode</name>
         <uninitialized>true</uninitialized>
         <readwrite>true</readwrite>
         <run_address>0x202001b4</run_address>
         <size>0x1</size>
         <alignment>0x1</alignment>
      </object_component>
      <object_component id="oc-19a">
         <name>.common:ButtonMode</name>
         <uninitialized>true</uninitialized>
         <readwrite>true</readwrite>
         <run_address>0x202001aa</run_address>
         <size>0x1</size>
         <alignment>0x1</alignment>
      </object_component>
      <object_component id="oc-143">
         <name>.common:MarketMode</name>
         <uninitialized>true</uninitialized>
         <readwrite>true</readwrite>
         <run_address>0x202001b1</run_address>
         <size>0x1</size>
         <alignment>0x1</alignment>
      </object_component>
      <object_component id="oc-87">
         <name>.common:gTxLen</name>
         <uninitialized>true</uninitialized>
         <readwrite>true</readwrite>
         <run_address>0x20200194</run_address>
         <size>0x4</size>
         <alignment>0x4</alignment>
      </object_component>
      <object_component id="oc-88">
         <name>.common:gTxPacket</name>
         <uninitialized>true</uninitialized>
         <readwrite>true</readwrite>
         <run_address>0x202000a0</run_address>
         <size>0x40</size>
         <alignment>0x1</alignment>
      </object_component>
      <object_component id="oc-85">
         <name>.common:gTxCount</name>
         <uninitialized>true</uninitialized>
         <readwrite>true</readwrite>
         <run_address>0x20200190</run_address>
         <size>0x4</size>
         <alignment>0x4</alignment>
      </object_component>
      <object_component id="oc-13e">
         <name>.common:Lcd_Data</name>
         <uninitialized>true</uninitialized>
         <readwrite>true</readwrite>
         <run_address>0x20200115</run_address>
         <size>0x28</size>
         <alignment>0x1</alignment>
      </object_component>
      <object_component id="oc-1b8">
         <name>.common:speed_rpm</name>
         <uninitialized>true</uninitialized>
         <readwrite>true</readwrite>
         <run_address>0x2020013d</run_address>
         <size>0x1c</size>
         <alignment>0x1</alignment>
      </object_component>
      <object_component id="oc-1b2">
         <name>.common:SERVICEMPH</name>
         <uninitialized>true</uninitialized>
         <readwrite>true</readwrite>
         <run_address>0x20200184</run_address>
         <size>0x4</size>
         <alignment>0x4</alignment>
      </object_component>
      <object_component id="oc-1b3">
         <name>.common:SERVICEKM</name>
         <uninitialized>true</uninitialized>
         <readwrite>true</readwrite>
         <run_address>0x20200180</run_address>
         <size>0x4</size>
         <alignment>0x4</alignment>
      </object_component>
      <object_component id="oc-1b4">
         <name>.common:TRIPMPH</name>
         <uninitialized>true</uninitialized>
         <readwrite>true</readwrite>
         <run_address>0x2020018c</run_address>
         <size>0x4</size>
         <alignment>0x4</alignment>
      </object_component>
      <object_component id="oc-1b5">
         <name>.common:TRIPKM</name>
         <uninitialized>true</uninitialized>
         <readwrite>true</readwrite>
         <run_address>0x20200188</run_address>
         <size>0x4</size>
         <alignment>0x4</alignment>
      </object_component>
      <object_component id="oc-1b6">
         <name>.common:ODOMPH</name>
         <uninitialized>true</uninitialized>
         <readwrite>true</readwrite>
         <run_address>0x20200178</run_address>
         <size>0x4</size>
         <alignment>0x4</alignment>
      </object_component>
      <object_component id="oc-1b7">
         <name>.common:ODOKM</name>
         <uninitialized>true</uninitialized>
         <readwrite>true</readwrite>
         <run_address>0x20200174</run_address>
         <size>0x4</size>
         <alignment>0x4</alignment>
      </object_component>
      <object_component id="oc-6d">
         <name>.common:REALSPEEDPULSE</name>
         <uninitialized>true</uninitialized>
         <readwrite>true</readwrite>
         <run_address>0x2020017c</run_address>
         <size>0x4</size>
         <alignment>0x4</alignment>
      </object_component>
      <object_component id="oc-12c">
         <name>.common:SpeedBuf</name>
         <uninitialized>true</uninitialized>
         <readwrite>true</readwrite>
         <run_address>0x2020015a</run_address>
         <size>0x10</size>
         <alignment>0x2</alignment>
      </object_component>
      <object_component id="oc-1a8">
         <name>.common:AveSpeedBuf</name>
         <uninitialized>true</uninitialized>
         <readwrite>true</readwrite>
         <run_address>0x2020016a</run_address>
         <size>0xa</size>
         <alignment>0x2</alignment>
      </object_component>
      <object_component id="oc-195">
         <name>.common:HourBuf</name>
         <uninitialized>true</uninitialized>
         <readwrite>true</readwrite>
         <run_address>0x202001ad</run_address>
         <size>0x1</size>
         <alignment>0x1</alignment>
      </object_component>
      <object_component id="oc-196">
         <name>.common:MinBuf</name>
         <uninitialized>true</uninitialized>
         <readwrite>true</readwrite>
         <run_address>0x202001b2</run_address>
         <size>0x1</size>
         <alignment>0x1</alignment>
      </object_component>
      <object_component id="oc-101">
         <name>.common:gTIMER_65536Backup</name>
         <uninitialized>true</uninitialized>
         <readwrite>true</readwrite>
         <run_address>0x20200000</run_address>
         <size>0xa0</size>
         <alignment>0x4</alignment>
      </object_component>
      <object_component id="oc-1a">
         <name>.stack</name>
         <uninitialized>true</uninitialized>
         <readwrite>true</readwrite>
         <run_address>0x20207e00</run_address>
         <size>0x4</size>
         <alignment>0x4</alignment>
         <input_file_ref idref="fl-3a"/>
      </object_component>
      <object_component id="oc-21e">
         <name>.stack</name>
         <uninitialized>true</uninitialized>
         <readwrite>true</readwrite>
         <run_address>0x20207e00</run_address>
         <size>0x0</size>
         <alignment>0x8</alignment>
      </object_component>
      <object_component id="oc-75">
         <name>.debug_loc</name>
         <load_address>0x0</load_address>
         <run_address>0x0</run_address>
         <size>0x3da</size>
         <alignment>0x1</alignment>
         <input_file_ref idref="fl-1"/>
      </object_component>
      <object_component id="oc-aa">
         <name>.debug_loc</name>
         <load_address>0x3da</load_address>
         <run_address>0x3da</run_address>
         <size>0x51</size>
         <alignment>0x1</alignment>
         <input_file_ref idref="fl-2"/>
      </object_component>
      <object_component id="oc-8b">
         <name>.debug_loc</name>
         <load_address>0x42b</load_address>
         <run_address>0x42b</run_address>
         <size>0x74</size>
         <alignment>0x1</alignment>
         <input_file_ref idref="fl-3"/>
      </object_component>
      <object_component id="oc-af">
         <name>.debug_loc</name>
         <load_address>0x49f</load_address>
         <run_address>0x49f</run_address>
         <size>0x7d</size>
         <alignment>0x1</alignment>
         <input_file_ref idref="fl-4"/>
      </object_component>
      <object_component id="oc-184">
         <name>.debug_loc</name>
         <load_address>0x51c</load_address>
         <run_address>0x51c</run_address>
         <size>0x7e3</size>
         <alignment>0x1</alignment>
         <input_file_ref idref="fl-5"/>
      </object_component>
      <object_component id="oc-fb">
         <name>.debug_loc</name>
         <load_address>0xcff</load_address>
         <run_address>0xcff</run_address>
         <size>0x114</size>
         <alignment>0x1</alignment>
         <input_file_ref idref="fl-a"/>
      </object_component>
      <object_component id="oc-bc">
         <name>.debug_loc</name>
         <load_address>0xe13</load_address>
         <run_address>0xe13</run_address>
         <size>0x72</size>
         <alignment>0x1</alignment>
         <input_file_ref idref="fl-d"/>
      </object_component>
      <object_component id="oc-175">
         <name>.debug_loc</name>
         <load_address>0xe85</load_address>
         <run_address>0xe85</run_address>
         <size>0xc7</size>
         <alignment>0x1</alignment>
         <input_file_ref idref="fl-1b"/>
      </object_component>
      <object_component id="oc-1cb">
         <name>.debug_loc</name>
         <load_address>0xf4c</load_address>
         <run_address>0xf4c</run_address>
         <size>0x13</size>
         <alignment>0x1</alignment>
         <input_file_ref idref="fl-1c"/>
      </object_component>
      <object_component id="oc-7f">
         <name>.debug_loc</name>
         <load_address>0xf5f</load_address>
         <run_address>0xf5f</run_address>
         <size>0x37a</size>
         <alignment>0x1</alignment>
         <input_file_ref idref="fl-1d"/>
      </object_component>
      <object_component id="oc-17c">
         <name>.debug_loc</name>
         <load_address>0x12d9</load_address>
         <run_address>0x12d9</run_address>
         <size>0x4a2</size>
         <alignment>0x1</alignment>
         <input_file_ref idref="fl-1e"/>
      </object_component>
      <object_component id="oc-168">
         <name>.debug_loc</name>
         <load_address>0x177b</load_address>
         <run_address>0x177b</run_address>
         <size>0x1a68</size>
         <alignment>0x1</alignment>
         <input_file_ref idref="fl-1f"/>
      </object_component>
      <object_component id="oc-15f">
         <name>.debug_loc</name>
         <load_address>0x31e3</load_address>
         <run_address>0x31e3</run_address>
         <size>0x414</size>
         <alignment>0x1</alignment>
         <input_file_ref idref="fl-20"/>
      </object_component>
      <object_component id="oc-5c">
         <name>.debug_loc</name>
         <load_address>0x35f7</load_address>
         <run_address>0x35f7</run_address>
         <size>0x16c</size>
         <alignment>0x1</alignment>
         <input_file_ref idref="fl-37"/>
      </object_component>
      <object_component id="oc-5a">
         <name>.debug_loc</name>
         <load_address>0x3763</load_address>
         <run_address>0x3763</run_address>
         <size>0x6f</size>
         <alignment>0x1</alignment>
         <input_file_ref idref="fl-38"/>
      </object_component>
      <object_component id="oc-52">
         <name>.debug_loc</name>
         <load_address>0x37d2</load_address>
         <run_address>0x37d2</run_address>
         <size>0x167</size>
         <alignment>0x1</alignment>
         <input_file_ref idref="fl-39"/>
      </object_component>
      <object_component id="oc-4f">
         <name>.debug_loc</name>
         <load_address>0x3939</load_address>
         <run_address>0x3939</run_address>
         <size>0xd8</size>
         <alignment>0x1</alignment>
         <input_file_ref idref="fl-3a"/>
      </object_component>
      <object_component id="oc-de">
         <name>.debug_loc</name>
         <load_address>0x3a11</load_address>
         <run_address>0x3a11</run_address>
         <size>0x26</size>
         <alignment>0x1</alignment>
         <input_file_ref idref="fl-3c"/>
      </object_component>
      <object_component id="oc-e0">
         <name>.debug_loc</name>
         <load_address>0x3a37</load_address>
         <run_address>0x3a37</run_address>
         <size>0x424</size>
         <alignment>0x1</alignment>
         <input_file_ref idref="fl-3f"/>
      </object_component>
      <object_component id="oc-1d9">
         <name>.debug_loc</name>
         <load_address>0x3e5b</load_address>
         <run_address>0x3e5b</run_address>
         <size>0x20</size>
         <alignment>0x1</alignment>
         <input_file_ref idref="fl-e8"/>
      </object_component>
      <object_component id="oc-73">
         <name>.debug_abbrev</name>
         <load_address>0x0</load_address>
         <run_address>0x0</run_address>
         <size>0x1e6</size>
         <alignment>0x1</alignment>
         <input_file_ref idref="fl-1"/>
      </object_component>
      <object_component id="oc-a6">
         <name>.debug_abbrev</name>
         <load_address>0x1e6</load_address>
         <run_address>0x1e6</run_address>
         <size>0x1ba</size>
         <alignment>0x1</alignment>
         <input_file_ref idref="fl-2"/>
      </object_component>
      <object_component id="oc-89">
         <name>.debug_abbrev</name>
         <load_address>0x3a0</load_address>
         <run_address>0x3a0</run_address>
         <size>0x1be</size>
         <alignment>0x1</alignment>
         <input_file_ref idref="fl-3"/>
      </object_component>
      <object_component id="oc-ab">
         <name>.debug_abbrev</name>
         <load_address>0x55e</load_address>
         <run_address>0x55e</run_address>
         <size>0x1c7</size>
         <alignment>0x1</alignment>
         <input_file_ref idref="fl-4"/>
      </object_component>
      <object_component id="oc-182">
         <name>.debug_abbrev</name>
         <load_address>0x725</load_address>
         <run_address>0x725</run_address>
         <size>0x159</size>
         <alignment>0x1</alignment>
         <input_file_ref idref="fl-5"/>
      </object_component>
      <object_component id="oc-b0">
         <name>.debug_abbrev</name>
         <load_address>0x87e</load_address>
         <run_address>0x87e</run_address>
         <size>0x179</size>
         <alignment>0x1</alignment>
         <input_file_ref idref="fl-6"/>
      </object_component>
[...]
      </symbol>
      <symbol id="sm-108">
         <name>REALSPEEDPULSE</name>
         <value>0x2020017c</value>
      </symbol>
      <symbol id="sm-109">
         <name>RealSpeedKmhBuf</name>
         <value>0x202001d8</value>
         <object_component_ref idref="oc-126"/>
      </symbol>
      <symbol id="sm-10a">
         <name>NewSpeedKmhBuf</name>
         <value>0x202001d4</value>
         <object_component_ref idref="oc-127"/>
      </symbol>
      <symbol id="sm-10b">
         <name>RealSpeedMphBuf</name>
         <value>0x202001da</value>
         <object_component_ref idref="oc-128"/>
      </symbol>
      <symbol id="sm-10c">
         <name>NewSpeedMphBuf</name>
         <value>0x202001d6</value>
         <object_component_ref idref="oc-129"/>
      </symbol>
      <symbol id="sm-10d">
         <name>DispSpeedKmhBuf</name>
         <value>0x202001d0</value>
         <object_component_ref idref="oc-12a"/>
      </symbol>
      <symbol id="sm-10e">
         <name>DispSpeedMphBuf</name>
         <value>0x202001d2</value>
         <object_component_ref idref="oc-12b"/>
      </symbol>
      <symbol id="sm-10f">
         <name>SpeedBuf</name>
         <value>0x2020015a</value>
      </symbol>
      <symbol id="sm-110">
         <name>SPEED_DOWN_FLAG</name>
         <value>0x202001fb</value>
         <object_component_ref idref="oc-1a7"/>
      </symbol>
      <symbol id="sm-111">
         <name>AveSpeedBuf</name>
         <value>0x2020016a</value>
      </symbol>
      <symbol id="sm-112">
         <name>GROUP1_IRQHandler</name>
         <value>0x2455</value>
         <object_component_ref idref="oc-34"/>
      </symbol>
      <symbol id="sm-120">
         <name>PowerManager</name>
         <value>0x1b81</value>
         <object_component_ref idref="oc-cd"/>
      </symbol>
      <symbol id="sm-121">
         <name>pIGN</name>
         <value>0x20200206</value>
         <object_component_ref idref="oc-11a"/>
      </symbol>
      <symbol id="sm-122">
         <name>FIRST_START_FLAG</name>
         <value>0x202001e9</value>
         <object_component_ref idref="oc-d5"/>
      </symbol>
      <symbol id="sm-123">
         <name>IGN_ON_FLAG</name>
         <value>0x202001ed</value>
         <object_component_ref idref="oc-d6"/>
      </symbol>
      <symbol id="sm-124">
         <name>OPENING_FLAG</name>
         <value>0x202001f3</value>
         <object_component_ref idref="oc-d7"/>
      </symbol>
      <symbol id="sm-134">
         <name>TimerManager</name>
         <value>0x16c1</value>
         <object_component_ref idref="oc-cc"/>
      </symbol>
      <symbol id="sm-135">
         <name>TIMER65536_flag</name>
         <value>0x20200200</value>
         <object_component_ref idref="oc-7d"/>
      </symbol>
      <symbol id="sm-136">
         <name>TMR2H</name>
         <value>0x202001de</value>
         <object_component_ref idref="oc-6b"/>
      </symbol>
      <symbol id="sm-137">
         <name>SpeedTimeOverBuf</name>
         <value>0x202001dc</value>
         <object_component_ref idref="oc-6f"/>
      </symbol>
      <symbol id="sm-138">
         <name>lcdFlag</name>
         <value>0x20200205</value>
         <object_component_ref idref="oc-104"/>
      </symbol>
      <symbol id="sm-139">
         <name>POWER_CYCLE_FLAG</name>
         <value>0x202001f4</value>
         <object_component_ref idref="oc-105"/>
      </symbol>
      <symbol id="sm-13a">
         <name>rtcSecCounter</name>
         <value>0x202001cc</value>
         <object_component_ref idref="oc-106"/>
      </symbol>
      <symbol id="sm-13b">
         <name>rtcSec</name>
         <value>0x20200209</value>
         <object_component_ref idref="oc-107"/>
      </symbol>
      <symbol id="sm-13c">
         <name>rtcHour</name>
         <value>0x20200207</value>
         <object_component_ref idref="oc-108"/>
      </symbol>
      <symbol id="sm-13d">
         <name>rtcMin</name>
         <value>0x20200208</value>
         <object_component_ref idref="oc-109"/>
      </symbol>
      <symbol id="sm-13e">
         <name>buttonCounter</name>
         <value>0x20200201</value>
         <object_component_ref idref="oc-10a"/>
      </symbol>
      <symbol id="sm-13f">
         <name>BUTTON_CYCLE_FLAG</name>
         <value>0x202001e4</value>
         <object_component_ref idref="oc-10b"/>
      </symbol>
      <symbol id="sm-140">
         <name>BAT_CYCLE_FLAG</name>
         <value>0x202001e3</value>
         <object_component_ref idref="oc-10c"/>
      </symbol>
      <symbol id="sm-141">
         <name>speedcount</name>
         <value>0x202001e0</value>
         <object_component_ref idref="oc-10d"/>
      </symbol>
      <symbol id="sm-142">
         <name>SPEED_CYCLE_FLAG</name>
         <value>0x202001fa</value>
         <object_component_ref idref="oc-10e"/>
      </symbol>
      <symbol id="sm-143">
         <name>AVEDISP_FLAG</name>
         <value>0x202001e2</value>
         <object_component_ref idref="oc-10f"/>
      </symbol>
      <symbol id="sm-144">
         <name>count500ms</name>
         <value>0x20200202</value>
         <object_component_ref idref="oc-110"/>
      </symbol>
      <symbol id="sm-145">
         <name>Flash500msFlag</name>
         <value>0x202001ea</value>
         <object_component_ref idref="oc-111"/>
      </symbol>
      <symbol id="sm-146">
         <name>TIMG0_IRQHandler</name>
         <value>0x27c9</value>
         <object_component_ref idref="oc-3e"/>
      </symbol>
      <symbol id="sm-147">
         <name>TIMG6_IRQHandler</name>
         <value>0x27e5</value>
         <object_component_ref idref="oc-43"/>
      </symbol>
      <symbol id="sm-148">
         <name>SET_CLOCK_MODE</name>
         <value>0x202001f8</value>
         <object_component_ref idref="oc-193"/>
      </symbol>
      <symbol id="sm-149">
         <name>HourBuf</name>
         <value>0x202001ad</value>
      </symbol>
      <symbol id="sm-14a">
         <name>MinBuf</name>
         <value>0x202001b2</value>
      </symbol>
      <symbol id="sm-17b">
         <name>SYSCFG_DL_init</name>
         <value>0x26d1</value>
         <object_component_ref idref="oc-c7"/>
      </symbol>
      <symbol id="sm-17c">
         <name>SYSCFG_DL_initPower</name>
         <value>0x2395</value>
         <object_component_ref idref="oc-f8"/>
      </symbol>
      <symbol id="sm-17d">
         <name>SYSCFG_DL_GPIO_init</name>
         <value>0x1c59</value>
         <object_component_ref idref="oc-f9"/>
      </symbol>
      <symbol id="sm-17e">
         <name>SYSCFG_DL_SYSCTL_init</name>
         <value>0x1fd1</value>
         <object_component_ref idref="oc-fa"/>
      </symbol>
      <symbol id="sm-17f">
         <name>SYSCFG_DL_TIMER_0_init</name>
         <value>0x2699</value>
         <object_component_ref idref="oc-fc"/>
      </symbol>
      <symbol id="sm-180">
         <name>SYSCFG_DL_TIMER_65536_init</name>
         <value>0x2501</value>
         <object_component_ref idref="oc-fd"/>
      </symbol>
      <symbol id="sm-181">
         <name>SYSCFG_DL_I2C_init</name>
         <value>0x21f5</value>
         <object_component_ref idref="oc-fe"/>
      </symbol>
      <symbol id="sm-182">
         <name>SYSCFG_DL_ADC12_0_init</name>
         <value>0x2061</value>
         <object_component_ref idref="oc-ff"/>
      </symbol>
      <symbol id="sm-183">
         <name>SYSCFG_DL_RTC_init</name>
         <value>0x27ad</value>
         <object_component_ref idref="oc-100"/>
      </symbol>
      <symbol id="sm-184">
         <name>gTIMER_65536Backup</name>
         <value>0x20200000</value>
      </symbol>
      <symbol id="sm-18f">
         <name>Default_Handler</name>
         <value>0x1f3b</value>
         <object_component_ref idref="oc-33"/>
      </symbol>
      <symbol id="sm-190">
         <name>Reset_Handler</name>
         <value>0x2893</value>
         <object_component_ref idref="oc-2f"/>
      </symbol>
      <symbol id="sm-191">
         <name>interruptVectors</name>
         <value>0x0</value>
         <object_component_ref idref="oc-18"/>
      </symbol>
      <symbol id="sm-192">
         <name>NMI_Handler</name>
         <value>0x1f3b</value>
         <object_component_ref idref="oc-33"/>
      </symbol>
      <symbol id="sm-193">
         <name>HardFault_Handler</name>
         <value>0x1f3b</value>
         <object_component_ref idref="oc-33"/>
      </symbol>
      <symbol id="sm-194">
         <name>SVC_Handler</name>
         <value>0x1f3b</value>
         <object_component_ref idref="oc-33"/>
      </symbol>
      <symbol id="sm-195">
         <name>PendSV_Handler</name>
         <value>0x1f3b</value>
         <object_component_ref idref="oc-33"/>
      </symbol>
      <symbol id="sm-196">
         <name>SysTick_Handler</name>
         <value>0x1f3b</value>
         <object_component_ref idref="oc-33"/>
      </symbol>
      <symbol id="sm-197">
         <name>GROUP0_IRQHandler</name>
         <value>0x1f3b</value>
         <object_component_ref idref="oc-33"/>
      </symbol>
      <symbol id="sm-198">
         <name>TIMG8_IRQHandler</name>
         <value>0x1f3b</value>
         <object_component_ref idref="oc-33"/>
      </symbol>
      <symbol id="sm-199">
         <name>UART3_IRQHandler</name>
         <value>0x1f3b</value>
         <object_component_ref idref="oc-33"/>
      </symbol>
      <symbol id="sm-19a">
         <name>ADC1_IRQHandler</name>
         <value>0x1f3b</value>
         <object_component_ref idref="oc-33"/>
      </symbol>
      <symbol id="sm-19b">
         <name>CANFD0_IRQHandler</name>
         <value>0x1f3b</value>
         <object_component_ref idref="oc-33"/>
      </symbol>
      <symbol id="sm-19c">
         <name>DAC0_IRQHandler</name>
         <value>0x1f3b</value>
         <object_component_ref idref="oc-33"/>
      </symbol>
      <symbol id="sm-19d">
         <name>SPI0_IRQHandler</name>
         <value>0x1f3b</value>
         <object_component_ref idref="oc-33"/>
      </symbol>
      <symbol id="sm-19e">
         <name>SPI1_IRQHandler</name>
         <value>0x1f3b</value>
         <object_component_ref idref="oc-33"/>
      </symbol>
      <symbol id="sm-19f">
         <name>UART1_IRQHandler</name>
         <value>0x1f3b</value>
         <object_component_ref idref="oc-33"/>
      </symbol>
      <symbol id="sm-1a0">
         <name>UART2_IRQHandler</name>
         <value>0x1f3b</value>
         <object_component_ref idref="oc-33"/>
      </symbol>
      <symbol id="sm-1a1">
         <name>UART0_IRQHandler</name>
         <value>0x1f3b</value>
         <object_component_ref idref="oc-33"/>
      </symbol>
      <symbol id="sm-1a2">
         <name>TIMA0_IRQHandler</name>
         <value>0x1f3b</value>
         <object_component_ref idref="oc-33"/>
      </symbol>
      <symbol id="sm-1a3">
         <name>TIMA1_IRQHandler</name>
         <value>0x1f3b</value>
         <object_component_ref idref="oc-33"/>
      </symbol>
      <symbol id="sm-1a4">
         <name>TIMG7_IRQHandler</name>
         <value>0x1f3b</value>
         <object_component_ref idref="oc-33"/>
      </symbol>
      <symbol id="sm-1a5">
         <name>TIMG12_IRQHandler</name>
         <value>0x1f3b</value>
         <object_component_ref idref="oc-33"/>
      </symbol>
      <symbol id="sm-1a6">
         <name>I2C0_IRQHandler</name>
         <value>0x1f3b</value>
         <object_component_ref idref="oc-33"/>
      </symbol>
      <symbol id="sm-1a7">
         <name>AES_IRQHandler</name>
         <value>0x1f3b</value>
         <object_component_ref idref="oc-33"/>
      </symbol>
      <symbol id="sm-1a8">
         <name>RTC_IRQHandler</name>
         <value>0x1f3b</value>
         <object_component_ref idref="oc-33"/>
      </symbol>
      <symbol id="sm-1a9">
         <name>DMA_IRQHandler</name>
         <value>0x1f3b</value>
         <object_component_ref idref="oc-33"/>
      </symbol>
      <symbol id="sm-1ae">
         <name>NumberToWordTable</name>
         <value>0x28e4</value>
         <object_component_ref idref="oc-140"/>
      </symbol>
      <symbol id="sm-1af">
         <name>NumberAndWordTable</name>
         <value>0x28a0</value>
         <object_component_ref idref="oc-145"/>
      </symbol>
      <symbol id="sm-1bf">
         <name>LCD_IC_DisplayOn</name>
         <value>0x2801</value>
         <object_component_ref idref="oc-181"/>
      </symbol>
      <symbol id="sm-1c0">
         <name>LCD_IC_DisplayWrite</name>
         <value>0x24ad</value>
         <object_component_ref idref="oc-13a"/>
      </symbol>
      <symbol id="sm-1c1">
         <name>__TI_ATRegion0_src_addr</name>
         <value>0x0</value>
      </symbol>
      <symbol id="sm-1c2">
         <name>__TI_ATRegion0_trg_addr</name>
         <value>0x0</value>
      </symbol>
      <symbol id="sm-1c3">
         <name>__TI_ATRegion0_region_sz</name>
         <value>0x0</value>
      </symbol>
      <symbol id="sm-1c4">
         <name>__TI_ATRegion1_src_addr</name>
         <value>0x0</value>
      </symbol>
      <symbol id="sm-1c5">
         <name>__TI_ATRegion1_trg_addr</name>
         <value>0x0</value>
      </symbol>
      <symbol id="sm-1c6">
         <name>__TI_ATRegion1_region_sz</name>
         <value>0x0</value>
      </symbol>
      <symbol id="sm-1c7">
         <name>__TI_ATRegion2_src_addr</name>
         <value>0x0</value>
      </symbol>
      <symbol id="sm-1c8">
         <name>__TI_ATRegion2_trg_addr</name>
         <value>0x0</value>
      </symbol>
      <symbol id="sm-1c9">
         <name>__TI_ATRegion2_region_sz</name>
         <value>0x0</value>
      </symbol>
      <symbol id="sm-1d4">
         <name>DL_ADC12_setClockConfig</name>
         <value>0x25dd</value>
         <object_component_ref idref="oc-174"/>
      </symbol>
      <symbol id="sm-1dd">
         <name>DL_Common_delayCycles</name>
         <value>0x286d</value>
         <object_component_ref idref="oc-15a"/>
      </symbol>
      <symbol id="sm-1e9">
         <name>DL_I2C_setClockConfig</name>
         <value>0x2729</value>
         <object_component_ref idref="oc-172"/>
      </symbol>
      <symbol id="sm-1ea">
         <name>DL_I2C_fillControllerTXFIFO</name>
         <value>0x23f5</value>
         <object_component_ref idref="oc-7e"/>
      </symbol>
      <symbol id="sm-1f5">
         <name>DL_RTC_Common_initCalendar</name>
         <value>0x1dfd</value>
         <object_component_ref idref="oc-17b"/>
      </symbol>
      <symbol id="sm-205">
         <name>DL_Timer_setClockConfig</name>
         <value>0x2791</value>
         <object_component_ref idref="oc-167"/>
      </symbol>
      <symbol id="sm-206">
         <name>DL_Timer_initTimerMode</name>
         <value>0x17c5</value>
         <object_component_ref idref="oc-16d"/>
      </symbol>
      <symbol id="sm-217">
         <name>DL_SYSCTL_setLFCLKSourceLFXT</name>
         <value>0x2335</value>
         <object_component_ref idref="oc-164"/>
      </symbol>
      <symbol id="sm-218">
         <name>DL_SYSCTL_switchMCLKfromSYSOSCtoHSCLK</name>
         <value>0x2599</value>
         <object_component_ref idref="oc-165"/>
      </symbol>
      <symbol id="sm-219">
         <name>DL_SYSCTL_setHFCLKSourceHFXTParams</name>
         <value>0x226d</value>
         <object_component_ref idref="oc-15e"/>
      </symbol>
      <symbol id="sm-223">
         <name>__TI_zero_init_nomemset</name>
         <value>0x2819</value>
         <object_component_ref idref="oc-5b"/>
      </symbol>
      <symbol id="sm-22c">
         <name>__TI_decompress_none</name>
         <value>0x282f</value>
         <object_component_ref idref="oc-20"/>
      </symbol>
      <symbol id="sm-237">
         <name>__TI_decompress_lzss</name>
         <value>0x2179</value>
         <object_component_ref idref="oc-1c"/>
      </symbol>
      <symbol id="sm-242">
         <name>_c_int00_noargs</name>
         <value>0x2701</value>
         <object_component_ref idref="oc-64"/>
      </symbol>
      <symbol id="sm-243">
         <name>__stack</name>
         <value>0x20207e00</value>
         <object_component_ref idref="oc-1a"/>
      </symbol>
      <symbol id="sm-24e">
         <name>abort</name>
         <value>0x2889</value>
         <object_component_ref idref="oc-d8"/>
      </symbol>
      <symbol id="sm-25b">
         <name>__TI_auto_init_nobinit_nopinit</name>
         <value>0x265d</value>
         <object_component_ref idref="oc-df"/>
      </symbol>
      <symbol id="sm-263">
         <name>_system_pre_init</name>
         <value>0x2897</value>
         <object_component_ref idref="oc-95"/>
      </symbol>
      <symbol id="sm-26c">
         <name>HOSTexit</name>
         <value>0x288f</value>
         <object_component_ref idref="oc-149"/>
      </symbol>
      <symbol id="sm-26d">
         <name>C$$EXIT</name>
         <value>0x288e</value>
         <object_component_ref idref="oc-149"/>
      </symbol>
      <symbol id="sm-273">
         <name>__aeabi_ddiv</name>
         <value>0x14b1</value>
         <object_component_ref idref="oc-19f"/>
      </symbol>
      <symbol id="sm-274">
         <name>__divdf3</name>
         <value>0x14b1</value>
         <object_component_ref idref="oc-19f"/>
      </symbol>
      <symbol id="sm-27a">
         <name>__aeabi_d2iz</name>
         <value>0x254d</value>
         <object_component_ref idref="oc-1a3"/>
      </symbol>
      <symbol id="sm-27b">
         <name>__fixdfsi</name>
         <value>0x254d</value>
         <object_component_ref idref="oc-1a3"/>
      </symbol>
      <symbol id="sm-281">
         <name>__aeabi_ui2d</name>
         <value>0x2751</value>
         <object_component_ref idref="oc-19b"/>
      </symbol>
      <symbol id="sm-282">
         <name>__floatunsidf</name>
         <value>0x2751</value>
         <object_component_ref idref="oc-19b"/>
      </symbol>
      <symbol id="sm-288">
         <name>__aeabi_memcpy</name>
         <value>0x2881</value>
         <object_component_ref idref="oc-54"/>
      </symbol>
      <symbol id="sm-289">
         <name>__aeabi_memcpy4</name>
         <value>0x2881</value>
         <object_component_ref idref="oc-54"/>
      </symbol>
      <symbol id="sm-28a">
         <name>__aeabi_memcpy8</name>
         <value>0x2881</value>
         <object_component_ref idref="oc-54"/>
      </symbol>
      <symbol id="sm-291">
         <name>__aeabi_memclr</name>
         <value>0x2861</value>
         <object_component_ref idref="oc-90"/>
      </symbol>
      <symbol id="sm-292">
         <name>__aeabi_memclr4</name>
         <value>0x2861</value>
         <object_component_ref idref="oc-90"/>
      </symbol>
      <symbol id="sm-293">
         <name>__aeabi_memclr8</name>
         <value>0x2861</value>
         <object_component_ref idref="oc-90"/>
      </symbol>
      <symbol id="sm-299">
         <name>__aeabi_uidiv</name>
         <value>0x261d</value>
         <object_component_ref idref="oc-12d"/>
      </symbol>
      <symbol id="sm-29a">
         <name>__aeabi_uidivmod</name>
         <value>0x261d</value>
         <object_component_ref idref="oc-12d"/>
      </symbol>
      <symbol id="sm-2a4">
         <name>__aeabi_idiv0</name>
         <value>0x2333</value>
         <object_component_ref idref="oc-1a9"/>
      </symbol>
      <symbol id="sm-2bd">
         <name>memcpy</name>
         <value>0x1ea1</value>
         <object_component_ref idref="oc-c2"/>
      </symbol>
      <symbol id="sm-2cc">
         <name>memset</name>
         <value>0x22d1</value>
         <object_component_ref idref="oc-f7"/>
      </symbol>
      <symbol id="sm-2cd">
         <name>__TI_static_base__</name>
         <value>0x0</value>
      </symbol>
      <symbol id="sm-2d0">
         <name>__mpu_init</name>
         <value>0x0</value>
      </symbol>
      <symbol id="sm-2d1">
         <name>_system_post_cinit</name>
         <value>0x0</value>
      </symbol>
   </symbol_table>
   <title>Link successful</title>
</link_info>
